Archive member included to satisfy reference by file (symbol)

app/libapp.a(main.cpp.obj)    (--whole-archive)
zephyr/libzephyr.a(validate_libc.c.obj)
                              (--whole-archive)
zephyr/libzephyr.a(heap.c.obj)
                              (--whole-archive)
zephyr/libzephyr.a(cbprintf_packaged.c.obj)
                              (--whole-archive)
zephyr/libzephyr.a(clock.c.obj)
                              (--whole-archive)
zephyr/libzephyr.a(printk.c.obj)
                              (--whole-archive)
zephyr/libzephyr.a(sem.c.obj)
                              (--whole-archive)
zephyr/libzephyr.a(thread_entry.c.obj)
                              (--whole-archive)
zephyr/libzephyr.a(cbprintf_complete.c.obj)
                              (--whole-archive)
zephyr/libzephyr.a(assert.c.obj)
                              (--whole-archive)
zephyr/libzephyr.a(mpsc_pbuf.c.obj)
                              (--whole-archive)
zephyr/libzephyr.a(dec.c.obj)
                              (--whole-archive)
zephyr/libzephyr.a(hex.c.obj)
                              (--whole-archive)
zephyr/libzephyr.a(rb.c.obj)  (--whole-archive)
zephyr/libzephyr.a(set.c.obj)
                              (--whole-archive)
zephyr/libzephyr.a(timeutil.c.obj)
                              (--whole-archive)
zephyr/libzephyr.a(bitarray.c.obj)
                              (--whole-archive)
zephyr/libzephyr.a(bitmask.c.obj)
                              (--whole-archive)
zephyr/libzephyr.a(getopt.c.obj)
                              (--whole-archive)
zephyr/libzephyr.a(getopt_common.c.obj)
                              (--whole-archive)
zephyr/libzephyr.a(onoff.c.obj)
                              (--whole-archive)
zephyr/libzephyr.a(notify.c.obj)
                              (--whole-archive)
zephyr/libzephyr.a(ring_buffer.c.obj)
                              (--whole-archive)
zephyr/libzephyr.a(last_section_id.c.obj)
                              (--whole-archive)
zephyr/libzephyr.a(uuid.c.obj)
                              (--whole-archive)
zephyr/libzephyr.a(configs.c.obj)
                              (--whole-archive)
zephyr/libzephyr.a(log_core.c.obj)
                              (--whole-archive)
zephyr/libzephyr.a(log_mgmt.c.obj)
                              (--whole-archive)
zephyr/libzephyr.a(log_cache.c.obj)
                              (--whole-archive)
zephyr/libzephyr.a(log_msg.c.obj)
                              (--whole-archive)
zephyr/libzephyr.a(log_output.c.obj)
                              (--whole-archive)
zephyr/libzephyr.a(log_backend_uart.c.obj)
                              (--whole-archive)
zephyr/libzephyr.a(mem_attr.c.obj)
                              (--whole-archive)
zephyr/libzephyr.a(tracing_none.c.obj)
                              (--whole-archive)
zephyr/arch/common/libarch__common.a(sw_isr_common.c.obj)
                              (--whole-archive)
zephyr/arch/common/libarch__common.a(init.c.obj)
                              (--whole-archive)
zephyr/arch/common/libarch__common.a(xip.c.obj)
                              (--whole-archive)
zephyr/arch/arch/arm/core/libarch__arm__core.a(fatal.c.obj)
                              (--whole-archive)
zephyr/arch/arch/arm/core/libarch__arm__core.a(nmi.c.obj)
                              (--whole-archive)
zephyr/arch/arch/arm/core/libarch__arm__core.a(nmi_on_reset.S.obj)
                              (--whole-archive)
zephyr/arch/arch/arm/core/libarch__arm__core.a(tls.c.obj)
                              (--whole-archive)
zephyr/arch/arch/arm/core/cortex_m/libarch__arm__core__cortex_m.a(fault.c.obj)
                              (--whole-archive)
zephyr/arch/arch/arm/core/cortex_m/libarch__arm__core__cortex_m.a(fault_s.S.obj)
                              (--whole-archive)
zephyr/arch/arch/arm/core/cortex_m/libarch__arm__core__cortex_m.a(fpu.c.obj)
                              (--whole-archive)
zephyr/arch/arch/arm/core/cortex_m/libarch__arm__core__cortex_m.a(reset.S.obj)
                              (--whole-archive)
zephyr/arch/arch/arm/core/cortex_m/libarch__arm__core__cortex_m.a(scb.c.obj)
                              (--whole-archive)
zephyr/arch/arch/arm/core/cortex_m/libarch__arm__core__cortex_m.a(vector_table.S.obj)
                              (--whole-archive)
zephyr/arch/arch/arm/core/cortex_m/libarch__arm__core__cortex_m.a(svc.S.obj)
                              (--whole-archive)
zephyr/arch/arch/arm/core/cortex_m/libarch__arm__core__cortex_m.a(irq_manage.c.obj)
                              (--whole-archive)
zephyr/arch/arch/arm/core/cortex_m/libarch__arm__core__cortex_m.a(prep_c.c.obj)
                              (--whole-archive)
zephyr/arch/arch/arm/core/cortex_m/libarch__arm__core__cortex_m.a(thread.c.obj)
                              (--whole-archive)
zephyr/arch/arch/arm/core/cortex_m/libarch__arm__core__cortex_m.a(cpu_idle.c.obj)
                              (--whole-archive)
[...]
Memory Configuration

Name             Origin             Length             Attributes
FLASH            0x00010000         0x000e8000         xr
RAM              0x20000000         0x00040000         xw
IDT_LIST         0xffff7fff         0x00008000         xw
*default*        0x00000000         0xffffffff

Linker script and memory map

                0x0001b594                        vfprintf = __l_vfprintf
                0x00000000                        vfscanf = __l_vfscanf
LOAD zephyr/CMakeFiles/zephyr_final.dir/misc/empty_file.c.obj
LOAD zephyr/CMakeFiles/zephyr_final.dir/isr_tables.c.obj
LOAD zephyr/CMakeFiles/offsets.dir/./arch/arm/core/offsets/offsets.c.obj
LOAD app/libapp.a
LOAD zephyr/libzephyr.a
LOAD zephyr/arch/common/libarch__common.a
LOAD zephyr/arch/arch/arm/core/libarch__arm__core.a
LOAD zephyr/arch/arch/arm/core/cortex_m/libarch__arm__core__cortex_m.a
LOAD zephyr/arch/arch/arm/core/mpu/libarch__arm__core__mpu.a
LOAD zephyr/lib/libc/picolibc/liblib__libc__picolibc.a
LOAD zephyr/lib/libc/common/liblib__libc__common.a
LOAD zephyr/lib/posix/c_lib_ext/liblib__posix__c_lib_ext.a
LOAD zephyr/lib/net_buf/liblib__net_buf.a
LOAD zephyr/soc/soc/nrf52840/libsoc__nordic.a
LOAD zephyr/boards/arduino/nano_33_ble/libboards__arduino__nano_33_ble.a
LOAD zephyr/subsys/random/libsubsys__random.a
LOAD zephyr/subsys/bluetooth/common/libsubsys__bluetooth__common.a
LOAD zephyr/subsys/bluetooth/host/libsubsys__bluetooth__host.a
LOAD zephyr/subsys/bluetooth/controller/libsubsys__bluetooth__controller.a
LOAD zephyr/subsys/bluetooth/controller/ll_sw/nordic/libsubsys__bluetooth__controller__ll_sw__nordic.a
LOAD zephyr/drivers/clock_control/libdrivers__clock_control.a
LOAD zephyr/drivers/console/libdrivers__console.a
LOAD zephyr/drivers/entropy/libdrivers__entropy.a
LOAD zephyr/drivers/gpio/libdrivers__gpio.a
LOAD zephyr/drivers/pinctrl/libdrivers__pinctrl.a
LOAD zephyr/drivers/serial/libdrivers__serial.a
LOAD zephyr/drivers/timer/libdrivers__timer.a
LOAD modules/hal_nordic/nrfx/libnrfx.a
LOAD zephyr/kernel/libkernel.a
LOAD zephyr/arch/common/libisr_tables.a
LOAD /home/hadoop/zephyr-sdk-1.0.1/gnu/arm-zephyr-eabi/bin/../lib/gcc/arm-zephyr-eabi/14.3.0/../../../../arm-zephyr-eabi/lib/thumb/v7e-m/nofp/space/libc.a
LOAD /home/hadoop/zephyr-sdk-1.0.1/gnu/arm-zephyr-eabi/bin/../lib/gcc/arm-zephyr-eabi/14.3.0/thumb/v7e-m/nofp/space/libgcc.a
                0x00000020                        _region_min_align = 0x20

.rel.plt        0x00010000        0x0
 *(SORT_BY_ALIGNMENT(.rel.plt))
                [!provide]                        PROVIDE (__rel_iplt_start = .)
 *(SORT_BY_ALIGNMENT(.rel.iplt))
 .rel.iplt      0x00010000        0x0 zephyr/CMakeFiles/zephyr_final.dir/isr_tables.c.obj
                [!provide]                        PROVIDE (__rel_iplt_end = .)

.rela.plt       0x00000000        0x0
 *(SORT_BY_ALIGNMENT(.rela.plt))
                [!provide]                        PROVIDE (__rela_iplt_start = .)
 *(SORT_BY_ALIGNMENT(.rela.iplt))
                [!provide]                        PROVIDE (__rela_iplt_end = .)

.rel.dyn
 *(SORT_BY_ALIGNMENT(.rel.*))

.rela.dyn
 *(SORT_BY_ALIGNMENT(.rela.*))

/DISCARD/
 *(SORT_BY_ALIGNMENT(.plt))

/DISCARD/
 *(SORT_BY_ALIGNMENT(.iplt))
                0x00010000                        __rom_region_start = 0x10000

rom_start       0x00010000      0x100
                0x00010000                        __rom_start_address = .
 FILL mask 0x00
                0x00010000                        . = (. + (0x0 - (. - __rom_start_address)))
                0x00010000                        . = ALIGN (0x4)
                0x00010000                        . = ALIGN (0x80)
                0x00010000                        . = ALIGN (0x100)
                0x00010000                        _vector_start = .
 *(SORT_BY_ALIGNMENT(.exc_vector_table))
 *(SORT_BY_ALIGNMENT(.exc_vector_table.*))
 .exc_vector_table._vector_table_section
                0x00010000       0x40 zephyr/arch/arch/arm/core/cortex_m/libarch__arm__core__cortex_m.a(vector_table.S.obj)
                0x00010000                _vector_table
 *(SORT_BY_ALIGNMENT(.vectors))
                0x00010100                        _vector_end = .
                0x00010040                        . = ALIGN (0x4)
 *(SORT_BY_ALIGNMENT(.gnu.linkonce.irq_vector_table*))
 .gnu.linkonce.irq_vector_table
                0x00010040       0xc0 zephyr/CMakeFiles/zephyr_final.dir/isr_tables.c.obj
                0x00010040                _irq_vector_table
                0x00010100                        _vector_end = .

text            0x00010100     0xdbe4
                0x00010100                        __text_region_start = .
 *(SORT_BY_ALIGNMENT(.text))
 .text          0x00010100       0x30 /home/hadoop/zephyr-sdk-1.0.1/gnu/arm-zephyr-eabi/bin/../lib/gcc/arm-zephyr-eabi/14.3.0/thumb/v7e-m/nofp/space/libgcc.a(_aeabi_uldivmod.o)
                0x00010100                __aeabi_uldivmod
 .text          0x00010130        0x4 /home/hadoop/zephyr-sdk-1.0.1/gnu/arm-zephyr-eabi/bin/../lib/gcc/arm-zephyr-eabi/14.3.0/thumb/v7e-m/nofp/space/libgcc.a(_dvmd_tls.o)
                0x00010130                __aeabi_ldiv0
                0x00010130                __aeabi_idiv0
 .text          0x00010134       0x10 /home/hadoop/zephyr-sdk-1.0.1/gnu/arm-zephyr-eabi/bin/../lib/gcc/arm-zephyr-eabi/14.3.0/../../../../arm-zephyr-eabi/lib/thumb/v7e-m/nofp/space/libc.a(strcpy.S.o)
                0x00010134                strcpy
 .text          0x00010144       0x10 /home/hadoop/zephyr-sdk-1.0.1/gnu/arm-zephyr-eabi/bin/../lib/gcc/arm-zephyr-eabi/14.3.0/../../../../arm-zephyr-eabi/lib/thumb/v7e-m/nofp/space/libc.a(strlen.S.o)
                0x00010144                strlen
 .text          0x00010154      0x2bc /home/hadoop/zephyr-sdk-1.0.1/gnu/arm-zephyr-eabi/bin/../lib/gcc/arm-zephyr-eabi/14.3.0/thumb/v7e-m/nofp/space/libgcc.a(_udivmoddi4.o)
                0x00010154                __udivmoddi4
 *(SORT_BY_ALIGNMENT(.text.*))
 .text.ll_adv_enable
                0x00010410      0x1c8 zephyr/subsys/bluetooth/controller/libsubsys__bluetooth__controller.a(ull_adv.c.obj)
                0x00010410                ll_adv_enable
 .text.ull_adv_time_update
                0x000105d8       0xb4 zephyr/subsys/bluetooth/controller/libsubsys__bluetooth__controller.a(ull_adv.c.obj)
                0x000105d8                ull_adv_time_update
 *fill*         0x0001068c        0x4 
 .text.prepare_cb
                0x00010690      0x10c zephyr/subsys/bluetooth/controller/ll_sw/nordic/libsubsys__bluetooth__controller__ll_sw__nordic.a(lll_adv.c.obj)
 .text.main     0x0001079c       0xb8 app/libapp.a(main.cpp.obj)
                0x0001079c                main
 .text.sys_heap_free
                0x00010854      0x108 zephyr/libzephyr.a(heap.c.obj)
                0x00010854                sys_heap_free
 .text.cbvprintf_package
                0x0001095c      0x368 zephyr/libzephyr.a(cbprintf_packaged.c.obj)
                0x0001095c                cbvprintf_package
 .text.cbprintf_package_convert
                0x00010cc4      0x3c8 zephyr/libzephyr.a(cbprintf_packaged.c.obj)
                0x00010cc4                cbprintf_package_convert
 .text.__printk_hook_install
                0x0001108c        0xc zephyr/libzephyr.a(printk.c.obj)
                0x0001108c                __printk_hook_install
 .text.z_thread_entry
                0x00011098       0x34 zephyr/libzephyr.a(thread_entry.c.obj)
                0x00011098                z_thread_entry
 .text.process_event
                0x000110cc      0x1e8 zephyr/libzephyr.a(onoff.c.obj)
 .text.activate_foreach_backend
                0x000112b4       0x60 zephyr/libzephyr.a(log_core.c.obj)
 .text.enable_logger
                0x00011314       0x58 zephyr/libzephyr.a(log_core.c.obj)
 .text.log_process_thread_timer_expiry_fn
                0x0001136c        0xc zephyr/libzephyr.a(log_core.c.obj)
 .text.z_log_init
                0x00011378       0x98 zephyr/libzephyr.a(log_core.c.obj)
 .text.log_format_func_t_get
                0x00011410        0xc zephyr/libzephyr.a(log_core.c.obj)
                0x00011410                log_format_func_t_get
 .text.log_set_timestamp_func
                0x0001141c       0x20 zephyr/libzephyr.a(log_core.c.obj)
                0x0001141c                log_set_timestamp_func
 .text.z_log_notify_backend_enabled
                0x0001143c       0x1c zephyr/libzephyr.a(log_core.c.obj)
                0x0001143c                z_log_notify_backend_enabled
 .text.z_log_dropped
                0x00011458       0x44 zephyr/libzephyr.a(log_core.c.obj)
                0x00011458                z_log_dropped
 .text.z_log_dropped_read_and_clear
                0x0001149c       0x20 zephyr/libzephyr.a(log_core.c.obj)
                0x0001149c                z_log_dropped_read_and_clear
 .text.dropped_notify
                0x000114bc       0x30 zephyr/libzephyr.a(log_core.c.obj)
                0x000114bc                dropped_notify
 .text.z_log_msg_init
                0x000114ec       0x20 zephyr/libzephyr.a(log_core.c.obj)
                0x000114ec                z_log_msg_init
 .text.log_core_init
                0x0001150c       0x50 zephyr/libzephyr.a(log_core.c.obj)
                0x0001150c                log_core_init
 .text.z_log_msg_alloc
                0x0001155c       0x10 zephyr/libzephyr.a(log_core.c.obj)
                0x0001155c                z_log_msg_alloc
 .text.z_log_msg_local_claim
                0x0001156c        0xc zephyr/libzephyr.a(log_core.c.obj)
                0x0001156c                z_log_msg_local_claim
 .text.z_log_msg_free
                0x00011578       0x10 zephyr/libzephyr.a(log_core.c.obj)
                0x00011578                z_log_msg_free
 .text.z_log_msg_pending
                0x00011588        0xc zephyr/libzephyr.a(log_core.c.obj)
                0x00011588                z_log_msg_pending
 .text.z_impl_log_process
                0x00011594       0xc4 zephyr/libzephyr.a(log_core.c.obj)
                0x00011594                z_impl_log_process
 .text.z_impl_log_panic
                0x00011658       0x44 zephyr/libzephyr.a(log_core.c.obj)
                0x00011658                z_impl_log_panic
 .text.log_process_thread_func
                0x0001169c       0xa0 zephyr/libzephyr.a(log_core.c.obj)
 .text.z_log_msg_post_finalize
                0x0001173c       0x78 zephyr/libzephyr.a(log_core.c.obj)
 .text.z_log_msg_commit
                0x000117b4       0x24 zephyr/libzephyr.a(log_core.c.obj)
                0x000117b4                z_log_msg_commit
 .text.log_source_name_get
                0x000117d8       0x1c zephyr/libzephyr.a(log_mgmt.c.obj)
                0x000117d8                log_source_name_get
 .text.z_impl_z_log_msg_static_create
                0x000117f4      0x100 zephyr/libzephyr.a(log_msg.c.obj)
                0x000117f4                z_impl_z_log_msg_static_create
 .text.z_log_msg_runtime_vcreate
                0x000118f4       0xa4 zephyr/libzephyr.a(log_msg.c.obj)
                0x000118f4                z_log_msg_runtime_vcreate
 .text.log_msg_get_source_id
                0x00011998       0x18 zephyr/libzephyr.a(log_msg.c.obj)
                0x00011998                log_msg_get_source_id
 .text.print_formatted
                0x000119b0       0x24 zephyr/libzephyr.a(log_output.c.obj)
 .text.newline_print
                0x000119d4       0x1c zephyr/libzephyr.a(log_output.c.obj)
 .text.log_output_process
                0x000119f0      0x26c zephyr/libzephyr.a(log_output.c.obj)
                0x000119f0                log_output_process
 .text.log_output_dropped_process
                0x00011c5c       0x58 zephyr/libzephyr.a(log_output.c.obj)
                0x00011c5c                log_output_dropped_process
 .text.log_output_timestamp_freq_set
                0x00011cb4       0x2c zephyr/libzephyr.a(log_output.c.obj)
                0x00011cb4                log_output_timestamp_freq_set
 .text.char_out
                0x00011ce0       0x24 zephyr/libzephyr.a(log_backend_uart.c.obj)
 .text.mem_attr_get_regions
                0x00011d04        0xc zephyr/libzephyr.a(mem_attr.c.obj)
                0x00011d04                mem_attr_get_regions
 .text.arch_bss_zero
                0x00011d10       0x18 zephyr/arch/common/libarch__common.a(init.c.obj)
                0x00011d10                arch_bss_zero
 .text.arch_data_copy
                0x00011d28       0x38 zephyr/arch/common/libarch__common.a(xip.c.obj)
                0x00011d28                arch_data_copy
 .text.z_arm_fatal_error
                0x00011d60       0xb8 zephyr/arch/arch/arm/core/libarch__arm__core.a(fatal.c.obj)
                0x00011d60                z_arm_fatal_error
 .text.z_SysNmiOnReset
                0x00011e18        0x8 zephyr/arch/arch/arm/core/libarch__arm__core.a(nmi_on_reset.S.obj)
                0x00011e18                z_SysNmiOnReset
 .text.arch_tls_stack_setup
                0x00011e20       0x40 zephyr/arch/arch/arm/core/libarch__arm__core.a(tls.c.obj)
                0x00011e20                arch_tls_stack_setup
 .text.usage_fault.isra.0
                0x00011e60       0xa8 zephyr/arch/arch/arm/core/cortex_m/libarch__arm__core__cortex_m.a(fault.c.obj)
 .text.bus_fault.isra.0
                0x00011f08       0xd0 zephyr/arch/arch/arm/core/cortex_m/libarch__arm__core__cortex_m.a(fault.c.obj)
 .text.mem_manage_fault
                0x00011fd8      0x104 zephyr/arch/arch/arm/core/cortex_m/libarch__arm__core__cortex_m.a(fault.c.obj)
 .text.z_arm_fault
                0x000120dc      0x1dc zephyr/arch/arch/arm/core/cortex_m/libarch__arm__core__cortex_m.a(fault.c.obj)
                0x000120dc                z_arm_fault
 .text.z_arm_fault_init
                0x000122b8       0x18 zephyr/arch/arch/arm/core/cortex_m/libarch__arm__core__cortex_m.a(fault.c.obj)
                0x000122b8                z_arm_fault_init
 .text.__fault  0x000122d0       0x14 zephyr/arch/arch/arm/core/cortex_m/libarch__arm__core__cortex_m.a(fault_s.S.obj)
                0x000122d0                z_arm_bus_fault
                0x000122d0                z_arm_usage_fault
                0x000122d0                z_arm_mpu_fault
                0x000122d0                z_arm_exc_spurious
                0x000122d0                z_arm_debug_monitor
                0x000122d0                z_arm_hard_fault
 .text._reset_section
                0x000122e4       0x38 zephyr/arch/arch/arm/core/cortex_m/libarch__arm__core__cortex_m.a(reset.S.obj)
                0x000122e4                z_arm_reset
                0x000122e4                __start
 .text.z_arm_svc
                0x0001231c       0x24 zephyr/arch/arch/arm/core/cortex_m/libarch__arm__core__cortex_m.a(svc.S.obj)
                0x0001231c                z_arm_svc
 .text.arm_irq_enable
                0x00012340       0x1c zephyr/arch/arch/arm/core/cortex_m/libarch__arm__core__cortex_m.a(irq_manage.c.obj)
                0x00012340                arm_irq_enable
 .text.arm_irq_disable
                0x0001235c       0x28 zephyr/arch/arch/arm/core/cortex_m/libarch__arm__core__cortex_m.a(irq_manage.c.obj)
                0x0001235c                arm_irq_disable
 .text.arm_irq_is_enabled
                0x00012384       0x1c zephyr/arch/arch/arm/core/cortex_m/libarch__arm__core__cortex_m.a(irq_manage.c.obj)
                0x00012384                arm_irq_is_enabled
 .text.arm_irq_priority_set
                0x000123a0       0x30 zephyr/arch/arch/arm/core/cortex_m/libarch__arm__core__cortex_m.a(irq_manage.c.obj)
                0x000123a0                arm_irq_priority_set
 .text.relocate_vector_table
                0x000123d0       0x1c zephyr/arch/arch/arm/core/cortex_m/libarch__arm__core__cortex_m.a(prep_c.c.obj)
                0x000123d0                relocate_vector_table
 .text.z_prep_c
                0x000123ec       0x38 zephyr/arch/arch/arm/core/cortex_m/libarch__arm__core__cortex_m.a(prep_c.c.obj)
                0x000123ec                z_prep_c
 .text.arch_new_thread
                0x00012424       0x38 zephyr/arch/arch/arm/core/cortex_m/libarch__arm__core__cortex_m.a(thread.c.obj)
                0x00012424                arch_new_thread
 .text.z_check_thread_stack_fail
                0x0001245c       0x2c zephyr/arch/arch/arm/core/cortex_m/libarch__arm__core__cortex_m.a(thread.c.obj)
                0x0001245c                z_check_thread_stack_fail
 .text.arch_switch_to_main_thread
                0x00012488       0x3c zephyr/arch/arch/arm/core/cortex_m/libarch__arm__core__cortex_m.a(thread.c.obj)
                0x00012488                arch_switch_to_main_thread
 .text.z_arm_cpu_idle_init
                0x000124c4        0xc zephyr/arch/arch/arm/core/cortex_m/libarch__arm__core__cortex_m.a(cpu_idle.c.obj)
                0x000124c4                z_arm_cpu_idle_init
 .text._HandlerModeExit
                0x000124d0       0x20 zephyr/arch/arch/arm/core/cortex_m/libarch__arm__core__cortex_m.a(exc_exit.c.obj)
                0x000124d0                z_arm_exc_exit
                0x000124d0                z_arm_int_exit
 .text.z_impl_k_thread_abort
                0x000124f0       0x2c zephyr/arch/arch/arm/core/cortex_m/libarch__arm__core__cortex_m.a(thread_abort.c.obj)
                0x000124f0                z_impl_k_thread_abort
 .text.z_arm_pendsv
                0x0001251c       0x60 zephyr/arch/arch/arm/core/cortex_m/libarch__arm__core__cortex_m.a(swap_helper.S.obj)
                0x0001251c                z_arm_pendsv
 .text.z_arm_interrupt_init
                0x0001257c       0x18 zephyr/arch/arch/arm/core/cortex_m/libarch__arm__core__cortex_m.a(irq_init.c.obj)
                0x0001257c                z_arm_interrupt_init
 .text._isr_wrapper
                0x00012594       0x24 zephyr/arch/arch/arm/core/cortex_m/libarch__arm__core__cortex_m.a(isr_wrapper.c.obj)
                0x00012594                _isr_wrapper
 .text.__aeabi_read_tp
                0x000125b8        0xc zephyr/arch/arch/arm/core/cortex_m/libarch__arm__core__cortex_m.a(__aeabi_read_tp.S.obj)
                0x000125b8                __aeabi_read_tp
 .text.z_arm_configure_static_mpu_regions
                0x000125c4       0x18 zephyr/arch/arch/arm/core/mpu/libarch__arm__core__mpu.a(arm_core_mpu.c.obj)
                0x000125c4                z_arm_configure_static_mpu_regions
 .text.z_arm_configure_dynamic_mpu_regions
                0x000125dc       0x20 zephyr/arch/arch/arm/core/mpu/libarch__arm__core__mpu.a(arm_core_mpu.c.obj)
                0x000125dc                z_arm_configure_dynamic_mpu_regions
 .text.region_allocate_and_init
                0x000125fc       0x54 zephyr/arch/arch/arm/core/mpu/libarch__arm__core__mpu.a(arm_mpu.c.obj)
 .text.mpu_configure_regions
                0x00012650       0x68 zephyr/arch/arch/arm/core/mpu/libarch__arm__core__mpu.a(arm_mpu.c.obj)
 .text.arm_core_mpu_enable
                0x000126b8       0x18 zephyr/arch/arch/arm/core/mpu/libarch__arm__core__mpu.a(arm_mpu.c.obj)
                0x000126b8                arm_core_mpu_enable
 .text.arm_core_mpu_disable
                0x000126d0       0x14 zephyr/arch/arch/arm/core/mpu/libarch__arm__core__mpu.a(arm_mpu.c.obj)
                0x000126d0                arm_core_mpu_disable
 .text.arm_core_mpu_configure_static_mpu_regions
                0x000126e4       0x14 zephyr/arch/arch/arm/core/mpu/libarch__arm__core__mpu.a(arm_mpu.c.obj)
                0x000126e4                arm_core_mpu_configure_static_mpu_regions
 .text.arm_core_mpu_configure_dynamic_mpu_regions
                0x000126f8       0x38 zephyr/arch/arch/arm/core/mpu/libarch__arm__core__mpu.a(arm_mpu.c.obj)
                0x000126f8                arm_core_mpu_configure_dynamic_mpu_regions
 .text.z_arm_mpu_init
                0x00012730      0x194 zephyr/arch/arch/arm/core/mpu/libarch__arm__core__mpu.a(arm_mpu.c.obj)
                0x00012730                z_arm_mpu_init
 .text.cbvprintf
                0x000128c4       0x38 zephyr/lib/libc/picolibc/liblib__libc__picolibc.a(cbprintf.c.obj)
                0x000128c4                cbvprintf
 .text.z_impl_zephyr_fputc
                0x000128fc       0x10 zephyr/lib/libc/picolibc/liblib__libc__picolibc.a(stdio.c.obj)
                0x000128fc                z_impl_zephyr_fputc
 .text.__stdout_hook_install
                0x0001290c       0x18 zephyr/lib/libc/picolibc/liblib__libc__picolibc.a(stdio.c.obj)
                0x0001290c                __stdout_hook_install
 .text.malloc_prepare
                0x00012924       0x24 zephyr/lib/libc/common/liblib__libc__common.a(malloc.c.obj)
 .text.net_buf_destroy
                0x00012948       0x38 zephyr/lib/net_buf/liblib__net_buf.a(buf.c.obj)
 .text.net_buf_pool_get
                0x00012980       0x10 zephyr/lib/net_buf/liblib__net_buf.a(buf.c.obj)
                0x00012980                net_buf_pool_get
 .text.net_buf_id
                0x00012990       0x20 zephyr/lib/net_buf/liblib__net_buf.a(buf.c.obj)
                0x00012990                net_buf_id
 .text.fixed_data_alloc
                0x000129b0       0x24 zephyr/lib/net_buf/liblib__net_buf.a(buf.c.obj)
 .text.net_buf_alloc_len
                0x000129d4       0xfc zephyr/lib/net_buf/liblib__net_buf.a(buf.c.obj)
                0x000129d4                net_buf_alloc_len
 .text.net_buf_unref
                0x00012ad0       0x3c zephyr/lib/net_buf/liblib__net_buf.a(buf.c.obj)
                0x00012ad0                net_buf_unref
 .text.nordicsemi_nrf52_init
                0x00012b0c       0x10 zephyr/soc/soc/nrf52840/libsoc__nordic.a(soc.c.obj)
 .text.arch_busy_wait
                0x00012b1c       0x24 zephyr/soc/soc/nrf52840/libsoc__nordic.a(soc.c.obj)
                0x00012b1c                arch_busy_wait
 .text.board_init
                0x00012b40       0x40 zephyr/boards/arduino/nano_33_ble/libboards__arduino__nano_33_ble.a(board.c.obj)
 .text.bt_hex   0x00012b80       0x44 zephyr/subsys/bluetooth/common/libsubsys__bluetooth__common.a(bt_str.c.obj)
                0x00012b80                bt_hex
 .text.bt_addr_le_str
                0x00012bc4       0x7c zephyr/subsys/bluetooth/common/libsubsys__bluetooth__common.a(bt_str.c.obj)
                0x00012bc4                bt_addr_le_str
 .text.hci_rx_pool_destroy
                0x00012c40       0x34 zephyr/subsys/bluetooth/host/libsubsys__bluetooth__host.a(buf.c.obj)
 .text.bt_buf_get_rx
                0x00012c74       0x30 zephyr/subsys/bluetooth/host/libsubsys__bluetooth__host.a(buf.c.obj)
                0x00012c74                bt_buf_get_rx
 .text.bt_buf_get_evt
                0x00012ca4       0x38 zephyr/subsys/bluetooth/host/libsubsys__bluetooth__host.a(buf.c.obj)
                0x00012ca4                bt_buf_get_evt
 .text.hci_hardware_error
                0x00012cdc       0x24 zephyr/subsys/bluetooth/host/libsubsys__bluetooth__host.a(hci_core.c.obj)
 .text.bt_tx_processor_init
                0x00012d00       0x30 zephyr/subsys/bluetooth/host/libsubsys__bluetooth__host.a(hci_core.c.obj)
 .text.rx_work_handler.part.0
                0x00012d30       0x3c zephyr/subsys/bluetooth/host/libsubsys__bluetooth__host.a(hci_core.c.obj)
 .text.handle_event.part.0
                0x00012d6c       0x48 zephyr/subsys/bluetooth/host/libsubsys__bluetooth__host.a(hci_core.c.obj)
 .text.handle_event_common
                0x00012db4       0x50 zephyr/subsys/bluetooth/host/libsubsys__bluetooth__host.a(hci_core.c.obj)
 .text.hci_le_meta_prio_event
                0x00012e04       0x20 zephyr/subsys/bluetooth/host/libsubsys__bluetooth__host.a(hci_core.c.obj)
 .text.hci_le_meta_event
                0x00012e24       0x20 zephyr/subsys/bluetooth/host/libsubsys__bluetooth__host.a(hci_core.c.obj)
 .text.hci_vendor_event
                0x00012e44       0x68 zephyr/subsys/bluetooth/host/libsubsys__bluetooth__host.a(hci_core.c.obj)
 .text.hci_cmd_done.part.0
                0x00012eac      0x134 zephyr/subsys/bluetooth/host/libsubsys__bluetooth__host.a(hci_core.c.obj)
 .text.hci_reset_complete
                0x00012fe0       0x2c zephyr/subsys/bluetooth/host/libsubsys__bluetooth__host.a(hci_core.c.obj)
 .text.bt_hci_recv
                0x0001300c      0x158 zephyr/subsys/bluetooth/host/libsubsys__bluetooth__host.a(hci_core.c.obj)
                0x0001300c                bt_hci_recv
 .text.rx_work_handler
                0x00013164       0x90 zephyr/subsys/bluetooth/host/libsubsys__bluetooth__host.a(hci_core.c.obj)
 .text.bt_hci_cmd_state_set_init
                0x000131f4       0x24 zephyr/subsys/bluetooth/host/libsubsys__bluetooth__host.a(hci_core.c.obj)
                0x000131f4                bt_hci_cmd_state_set_init
 .text.bt_hci_cmd_alloc
                0x00013218       0x50 zephyr/subsys/bluetooth/host/libsubsys__bluetooth__host.a(hci_core.c.obj)
                0x00013218                bt_hci_cmd_alloc
 .text.bt_hci_get_ver_str
                0x00013268       0x2c zephyr/subsys/bluetooth/host/libsubsys__bluetooth__host.a(hci_core.c.obj)
                0x00013268                bt_hci_get_ver_str
 .text.bt_send  0x00013294       0x14 zephyr/subsys/bluetooth/host/libsubsys__bluetooth__host.a(hci_core.c.obj)
                0x00013294                bt_send
 .text.bt_finalize_init
                0x000132a8      0x168 zephyr/subsys/bluetooth/host/libsubsys__bluetooth__host.a(hci_core.c.obj)
                0x000132a8                bt_finalize_init
 .text.bt_tx_irq_raise
                0x00013410       0x10 zephyr/subsys/bluetooth/host/libsubsys__bluetooth__host.a(hci_core.c.obj)
                0x00013410                bt_tx_irq_raise
 .text.bt_hci_cmd_send
                0x00013420       0xa4 zephyr/subsys/bluetooth/host/libsubsys__bluetooth__host.a(hci_core.c.obj)
                0x00013420                bt_hci_cmd_send
 .text.bt_hci_cmd_send_sync
                0x000134c4      0x150 zephyr/subsys/bluetooth/host/libsubsys__bluetooth__host.a(hci_core.c.obj)
                0x000134c4                bt_hci_cmd_send_sync
 .text.hci_init
                0x00013614      0x3dc zephyr/subsys/bluetooth/host/libsubsys__bluetooth__host.a(hci_core.c.obj)
 .text.bt_enable
                0x000139f0       0xd8 zephyr/subsys/bluetooth/host/libsubsys__bluetooth__host.a(hci_core.c.obj)
                0x000139f0                bt_enable
 .text.init_work
                0x00013ac8       0x24 zephyr/subsys/bluetooth/host/libsubsys__bluetooth__host.a(hci_core.c.obj)
 .text.hci_cmd_status
                0x00013aec       0x34 zephyr/subsys/bluetooth/host/libsubsys__bluetooth__host.a(hci_core.c.obj)
 .text.hci_cmd_complete
                0x00013b20       0x7c zephyr/subsys/bluetooth/host/libsubsys__bluetooth__host.a(hci_core.c.obj)
 .text.tx_processor
                0x00013b9c       0xe4 zephyr/subsys/bluetooth/host/libsubsys__bluetooth__host.a(hci_core.c.obj)
 .text.bt_hci_evt_create
                0x00013c80       0x50 zephyr/subsys/bluetooth/host/libsubsys__bluetooth__host.a(hci_common.c.obj)
                0x00013c80                bt_hci_evt_create
 .text.id_find  0x00013cd0       0x30 zephyr/subsys/bluetooth/host/libsubsys__bluetooth__host.a(id.c.obj)
 .text.set_random_address
                0x00013d00       0x78 zephyr/subsys/bluetooth/host/libsubsys__bluetooth__host.a(id.c.obj)
 .text.id_create.constprop.0
                0x00013d78       0x70 zephyr/subsys/bluetooth/host/libsubsys__bluetooth__host.a(id.c.obj)
 .text.bt_id_create
                0x00013de8       0xb8 zephyr/subsys/bluetooth/host/libsubsys__bluetooth__host.a(id.c.obj)
                0x00013de8                bt_id_create
 .text.bt_id_read_public_addr
                0x00013ea0       0x88 zephyr/subsys/bluetooth/host/libsubsys__bluetooth__host.a(id.c.obj)
                0x00013ea0                bt_id_read_public_addr
 .text.bt_setup_public_id_addr
                0x00013f28       0x20 zephyr/subsys/bluetooth/host/libsubsys__bluetooth__host.a(id.c.obj)
                0x00013f28                bt_setup_public_id_addr
 .text.bt_setup_random_id_addr
                0x00013f48       0xdc zephyr/subsys/bluetooth/host/libsubsys__bluetooth__host.a(id.c.obj)
                0x00013f48                bt_setup_random_id_addr
 .text.bt_id_set_adv_own_addr
                0x00014024       0xc8 zephyr/subsys/bluetooth/host/libsubsys__bluetooth__host.a(id.c.obj)
                0x00014024                bt_id_set_adv_own_addr
 .text.bt_id_init
                0x000140ec       0x54 zephyr/subsys/bluetooth/host/libsubsys__bluetooth__host.a(id.c.obj)
                0x000140ec                bt_id_init
 .text.hci_set_ad.constprop.0
                0x00014140       0xc8 zephyr/subsys/bluetooth/host/libsubsys__bluetooth__host.a(adv.c.obj)
 .text.valid_adv_param
                0x00014208       0x80 zephyr/subsys/bluetooth/host/libsubsys__bluetooth__host.a(adv.c.obj)
 .text.le_adv_update.constprop.0
                0x00014288       0x58 zephyr/subsys/bluetooth/host/libsubsys__bluetooth__host.a(adv.c.obj)
 .text.bt_le_adv_start
                0x000142e0      0x220 zephyr/subsys/bluetooth/host/libsubsys__bluetooth__host.a(adv.c.obj)
                0x000142e0                bt_le_adv_start
 .text.bt_le_adv_stop
                0x00014500       0x30 zephyr/subsys/bluetooth/host/libsubsys__bluetooth__host.a(adv.c.obj)
                0x00014500                bt_le_adv_stop
 .text.adv_timeout
                0x00014530       0x24 zephyr/subsys/bluetooth/host/libsubsys__bluetooth__host.a(adv.c.obj)
 .text.mem_init
                0x00014554       0x48 zephyr/subsys/bluetooth/controller/libsubsys__bluetooth__controller.a(mem.c.obj)
                0x00014554                mem_init
 .text.mem_acquire
                0x0001459c       0x2c zephyr/subsys/bluetooth/controller/libsubsys__bluetooth__controller.a(mem.c.obj)
                0x0001459c                mem_acquire
 .text.mem_release
                0x000145c8       0x28 zephyr/subsys/bluetooth/controller/libsubsys__bluetooth__controller.a(mem.c.obj)
                0x000145c8                mem_release
 .text.mem_rcopy
                0x000145f0       0x1c zephyr/subsys/bluetooth/controller/libsubsys__bluetooth__controller.a(mem.c.obj)
                0x000145f0                mem_rcopy
 .text.mem_nz   0x0001460c       0x18 zephyr/subsys/bluetooth/controller/libsubsys__bluetooth__controller.a(mem.c.obj)
                0x0001460c                mem_nz
 .text.memq_init
                0x00014624        0x8 zephyr/subsys/bluetooth/controller/libsubsys__bluetooth__controller.a(memq.c.obj)
                0x00014624                memq_init
 .text.memq_enqueue
                0x0001462c       0x14 zephyr/subsys/bluetooth/controller/libsubsys__bluetooth__controller.a(memq.c.obj)
                0x0001462c                memq_enqueue
 .text.memq_peek
                0x00014640       0x10 zephyr/subsys/bluetooth/controller/libsubsys__bluetooth__controller.a(memq.c.obj)
                0x00014640                memq_peek
 .text.memq_dequeue
                0x00014650       0x20 zephyr/subsys/bluetooth/controller/libsubsys__bluetooth__controller.a(memq.c.obj)
                0x00014650                memq_dequeue
 .text.mayfly_init
                0x00014670       0x48 zephyr/subsys/bluetooth/controller/libsubsys__bluetooth__controller.a(mayfly.c.obj)
                0x00014670                mayfly_init
 .text.mayfly_enqueue
                0x000146b8       0xc4 zephyr/subsys/bluetooth/controller/libsubsys__bluetooth__controller.a(mayfly.c.obj)
                0x000146b8                mayfly_enqueue
 .text.mayfly_run
                0x0001477c      0x170 zephyr/subsys/bluetooth/controller/libsubsys__bluetooth__controller.a(mayfly.c.obj)
                0x0001477c                mayfly_run
 .text.util_ones_count_get
                0x000148ec       0x28 zephyr/subsys/bluetooth/controller/libsubsys__bluetooth__controller.a(util.c.obj)
                0x000148ec                util_ones_count_get
 .text.ticker_dequeue
                0x00014914       0x64 zephyr/subsys/bluetooth/controller/libsubsys__bluetooth__controller.a(ticker.c.obj)
 .text.ticks_to_expire_prep
                0x00014978       0x48 zephyr/subsys/bluetooth/controller/libsubsys__bluetooth__controller.a(ticker.c.obj)
 .text.start_us.isra.0
                0x000149c0       0x9c zephyr/subsys/bluetooth/controller/libsubsys__bluetooth__controller.a(ticker.c.obj)
 .text.ticker_job_list_insert
                0x00014a5c      0x1fc zephyr/subsys/bluetooth/controller/libsubsys__bluetooth__controller.a(ticker.c.obj)
 .text.ticker_worker
                0x00014c58      0x3d4 zephyr/subsys/bluetooth/controller/libsubsys__bluetooth__controller.a(ticker.c.obj)
                0x00014c58                ticker_worker
 .text.ticker_job
                0x0001502c      0x93c zephyr/subsys/bluetooth/controller/libsubsys__bluetooth__controller.a(ticker.c.obj)
                0x0001502c                ticker_job
 .text.ticker_init
                0x00015968       0x64 zephyr/subsys/bluetooth/controller/libsubsys__bluetooth__controller.a(ticker.c.obj)
                0x00015968                ticker_init
 .text.ticker_deinit
                0x000159cc       0x20 zephyr/subsys/bluetooth/controller/libsubsys__bluetooth__controller.a(ticker.c.obj)
                0x000159cc                ticker_deinit
 .text.ticker_trigger
                0x000159ec       0x24 zephyr/subsys/bluetooth/controller/libsubsys__bluetooth__controller.a(ticker.c.obj)
                0x000159ec                ticker_trigger
 .text.ticker_start
                0x00015a10       0x38 zephyr/subsys/bluetooth/controller/libsubsys__bluetooth__controller.a(ticker.c.obj)
                0x00015a10                ticker_start
 .text.ticker_start_ext
                0x00015a48       0x10 zephyr/subsys/bluetooth/controller/libsubsys__bluetooth__controller.a(ticker.c.obj)
                0x00015a48                ticker_start_ext
 .text.ticker_update_ext
                0x00015a58       0x9c zephyr/subsys/bluetooth/controller/libsubsys__bluetooth__controller.a(ticker.c.obj)
                0x00015a58                ticker_update_ext
 .text.ticker_update
                0x00015af4       0x30 zephyr/subsys/bluetooth/controller/libsubsys__bluetooth__controller.a(ticker.c.obj)
                0x00015af4                ticker_update
 .text.ticker_stop
                0x00015b24       0x6c zephyr/subsys/bluetooth/controller/libsubsys__bluetooth__controller.a(ticker.c.obj)
                0x00015b24                ticker_stop
 .text.ticker_ticks_now_get
                0x00015b90        0x4 zephyr/subsys/bluetooth/controller/libsubsys__bluetooth__controller.a(ticker.c.obj)
                0x00015b90                ticker_ticks_now_get
 .text.ticker_ticks_diff_get
                0x00015b94        0x8 zephyr/subsys/bluetooth/controller/libsubsys__bluetooth__controller.a(ticker.c.obj)
                0x00015b94                ticker_ticks_diff_get
 .text.ll_feat_get
                0x00015b9c        0x8 zephyr/subsys/bluetooth/controller/libsubsys__bluetooth__controller.a(ll_feat.c.obj)
                0x00015b9c                ll_feat_get
 .text.ll_tx_pwr_get
                0x00015ba4        0x8 zephyr/subsys/bluetooth/controller/libsubsys__bluetooth__controller.a(ll_tx_pwr.c.obj)
                0x00015ba4                ll_tx_pwr_get
 .text.ll_addr_set
                0x00015bac       0x38 zephyr/subsys/bluetooth/controller/libsubsys__bluetooth__controller.a(ll_addr.c.obj)
                0x00015bac                ll_addr_set
 .text.ll_addr_get
                0x00015be4       0x1c zephyr/subsys/bluetooth/controller/libsubsys__bluetooth__controller.a(ll_addr.c.obj)
                0x00015be4                ll_addr_get
 .text.ll_addr_read
                0x00015c00       0x28 zephyr/subsys/bluetooth/controller/libsubsys__bluetooth__controller.a(ll_addr.c.obj)
                0x00015c00                ll_addr_read
 .text.perform_lll_reset
                0x00015c28       0x30 zephyr/subsys/bluetooth/controller/libsubsys__bluetooth__controller.a(ull.c.obj)
 .text.ull_ticker_status_give
                0x00015c58        0xc zephyr/subsys/bluetooth/controller/libsubsys__bluetooth__controller.a(ull.c.obj)
                0x00015c58                ull_ticker_status_give
 .text.disabled_cb
                0x00015c64        0x4 zephyr/subsys/bluetooth/controller/libsubsys__bluetooth__controller.a(ull.c.obj)
 .text.rx_demux
                0x00015c68       0xb0 zephyr/subsys/bluetooth/controller/libsubsys__bluetooth__controller.a(ull.c.obj)
 .text.rx_replenish.constprop.0
                0x00015d18       0x7c zephyr/subsys/bluetooth/controller/libsubsys__bluetooth__controller.a(ull.c.obj)
 .text.init_reset.isra.0
                0x00015d94       0xe0 zephyr/subsys/bluetooth/controller/libsubsys__bluetooth__controller.a(ull.c.obj)
 .text.ll_init  0x00015e74       0xa0 zephyr/subsys/bluetooth/controller/libsubsys__bluetooth__controller.a(ull.c.obj)
                0x00015e74                ll_init
 .text.ll_reset
                0x00015f14       0x74 zephyr/subsys/bluetooth/controller/libsubsys__bluetooth__controller.a(ull.c.obj)
                0x00015f14                ll_reset
 .text.ll_deinit
                0x00015f88       0x18 zephyr/subsys/bluetooth/controller/libsubsys__bluetooth__controller.a(ull.c.obj)
                0x00015f88                ll_deinit
 .text.ll_rx_get
                0x00015fa0       0x28 zephyr/subsys/bluetooth/controller/libsubsys__bluetooth__controller.a(ull.c.obj)
                0x00015fa0                ll_rx_get
 .text.ll_rx_dequeue
                0x00015fc8       0x38 zephyr/subsys/bluetooth/controller/libsubsys__bluetooth__controller.a(ull.c.obj)
                0x00015fc8                ll_rx_dequeue
 .text.ll_rx_mem_release
                0x00016000       0x50 zephyr/subsys/bluetooth/controller/libsubsys__bluetooth__controller.a(ull.c.obj)
                0x00016000                ll_rx_mem_release
 .text.ull_ticker_status_take
                0x00016050       0x24 zephyr/subsys/bluetooth/controller/libsubsys__bluetooth__controller.a(ull.c.obj)
                0x00016050                ull_ticker_status_take
 .text.ull_disable_mark
                0x00016074       0x18 zephyr/subsys/bluetooth/controller/libsubsys__bluetooth__controller.a(ull.c.obj)
                0x00016074                ull_disable_mark
 .text.ull_disable_unmark
                0x0001608c       0x18 zephyr/subsys/bluetooth/controller/libsubsys__bluetooth__controller.a(ull.c.obj)
                0x0001608c                ull_disable_unmark
 .text.ull_disable_mark_get
                0x000160a4        0xc zephyr/subsys/bluetooth/controller/libsubsys__bluetooth__controller.a(ull.c.obj)
                0x000160a4                ull_disable_mark_get
 .text.ull_disable
                0x000160b0       0x54 zephyr/subsys/bluetooth/controller/libsubsys__bluetooth__controller.a(ull.c.obj)
                0x000160b0                ull_disable
 .text.ull_pdu_rx_alloc_peek
                0x00016104       0x34 zephyr/subsys/bluetooth/controller/libsubsys__bluetooth__controller.a(ull.c.obj)
                0x00016104                ull_pdu_rx_alloc_peek
 .text.ull_prepare_enqueue
                0x00016138       0x74 zephyr/subsys/bluetooth/controller/libsubsys__bluetooth__controller.a(ull.c.obj)
                0x00016138                ull_prepare_enqueue
 .text.ull_prepare_dequeue_get
                0x000161ac       0x1c zephyr/subsys/bluetooth/controller/libsubsys__bluetooth__controller.a(ull.c.obj)
                0x000161ac                ull_prepare_dequeue_get
 .text.ull_prepare_dequeue_iter
                0x000161c8       0x34 zephyr/subsys/bluetooth/controller/libsubsys__bluetooth__controller.a(ull.c.obj)
                0x000161c8                ull_prepare_dequeue_iter
 .text.ull_prepare_dequeue
                0x000161fc      0x104 zephyr/subsys/bluetooth/controller/libsubsys__bluetooth__controller.a(ull.c.obj)
                0x000161fc                ull_prepare_dequeue
 .text.ull_event_done
                0x00016300       0x54 zephyr/subsys/bluetooth/controller/libsubsys__bluetooth__controller.a(ull.c.obj)
                0x00016300                ull_event_done
 .text.lll_prepare
                0x00016354       0x20 zephyr/subsys/bluetooth/controller/libsubsys__bluetooth__controller.a(lll_common.c.obj)
                0x00016354                lll_prepare
 .text.lll_resume
                0x00016374       0x28 zephyr/subsys/bluetooth/controller/libsubsys__bluetooth__controller.a(lll_common.c.obj)
                0x00016374                lll_resume
 .text.hci_driver_send
                0x0001639c       0x98 zephyr/subsys/bluetooth/controller/libsubsys__bluetooth__controller.a(hci_driver.c.obj)
 .text.hci_driver_close
                0x00016434       0x28 zephyr/subsys/bluetooth/controller/libsubsys__bluetooth__controller.a(hci_driver.c.obj)
 .text.recv_thread
                0x0001645c       0xbc zephyr/subsys/bluetooth/controller/libsubsys__bluetooth__controller.a(hci_driver.c.obj)
 .text.prio_recv_thread
                0x00016518       0x4c zephyr/subsys/bluetooth/controller/libsubsys__bluetooth__controller.a(hci_driver.c.obj)
 .text.hci_driver_open
                0x00016564       0xcc zephyr/subsys/bluetooth/controller/libsubsys__bluetooth__controller.a(hci_driver.c.obj)
 .text.hci_recv_fifo_reset
                0x00016630       0x20 zephyr/subsys/bluetooth/controller/libsubsys__bluetooth__controller.a(hci_driver.c.obj)
                0x00016630                hci_recv_fifo_reset
 .text.hci_vendor_cmd_handle_common
                0x00016650      0x170 zephyr/subsys/bluetooth/controller/libsubsys__bluetooth__controller.a(hci.c.obj)
                0x00016650                hci_vendor_cmd_handle_common
 .text.hci_cmd_handle
                0x000167c0      0x46c zephyr/subsys/bluetooth/controller/libsubsys__bluetooth__controller.a(hci.c.obj)
                0x000167c0                hci_cmd_handle
 .text.hci_evt_encode
                0x00016c2c        0xc zephyr/subsys/bluetooth/controller/libsubsys__bluetooth__controller.a(hci.c.obj)
                0x00016c2c                hci_evt_encode
 .text.hci_get_class
                0x00016c38        0x4 zephyr/subsys/bluetooth/controller/libsubsys__bluetooth__controller.a(hci.c.obj)
                0x00016c38                hci_get_class
 .text.hci_init
                0x00016c3c        0x4 zephyr/subsys/bluetooth/controller/libsubsys__bluetooth__controller.a(hci.c.obj)
                0x00016c3c                hci_init
 .text.ticker_update_op_cb
                0x00016c40       0x30 zephyr/subsys/bluetooth/controller/libsubsys__bluetooth__controller.a(ull_adv.c.obj)
 .text.adv_time_get.constprop.0
                0x00016c70       0x78 zephyr/subsys/bluetooth/controller/libsubsys__bluetooth__controller.a(ull_adv.c.obj)
 .text.ticker_cb
                0x00016ce8       0xd8 zephyr/subsys/bluetooth/controller/libsubsys__bluetooth__controller.a(ull_adv.c.obj)
 .text.init_reset.isra.0
                0x00016dc0       0x50 zephyr/subsys/bluetooth/controller/libsubsys__bluetooth__controller.a(ull_adv.c.obj)
 .text.ll_adv_params_set
                0x00016e10       0xd8 zephyr/subsys/bluetooth/controller/libsubsys__bluetooth__controller.a(ull_adv.c.obj)
                0x00016e10                ll_adv_params_set
 .text.ull_adv_init
                0x00016ee8        0xc zephyr/subsys/bluetooth/controller/libsubsys__bluetooth__controller.a(ull_adv.c.obj)
                0x00016ee8                ull_adv_init
 .text.ull_adv_reset
                0x00016ef4       0x80 zephyr/subsys/bluetooth/controller/libsubsys__bluetooth__controller.a(ull_adv.c.obj)
                0x00016ef4                ull_adv_reset
 .text.ull_adv_reset_finalize
                0x00016f74       0x20 zephyr/subsys/bluetooth/controller/libsubsys__bluetooth__controller.a(ull_adv.c.obj)
                0x00016f74                ull_adv_reset_finalize
 .text.ull_adv_lll_handle_get
                0x00016f94       0x1c zephyr/subsys/bluetooth/controller/libsubsys__bluetooth__controller.a(ull_adv.c.obj)
                0x00016f94                ull_adv_lll_handle_get
 .text.ull_adv_is_enabled
                0x00016fb0       0x18 zephyr/subsys/bluetooth/controller/libsubsys__bluetooth__controller.a(ull_adv.c.obj)
                0x00016fb0                ull_adv_is_enabled
 .text.ull_adv_data_set
                0x00016fc8       0xac zephyr/subsys/bluetooth/controller/libsubsys__bluetooth__controller.a(ull_adv.c.obj)
                0x00016fc8                ull_adv_data_set
 .text.ll_adv_data_set
                0x00017074       0x10 zephyr/subsys/bluetooth/controller/libsubsys__bluetooth__controller.a(ull_adv.c.obj)
                0x00017074                ll_adv_data_set
 .text.ull_scan_rsp_set
                0x00017084       0xcc zephyr/subsys/bluetooth/controller/libsubsys__bluetooth__controller.a(ull_adv.c.obj)
                0x00017084                ull_scan_rsp_set
 .text.ll_adv_scan_rsp_set
                0x00017150       0x10 zephyr/subsys/bluetooth/controller/libsubsys__bluetooth__controller.a(ull_adv.c.obj)
                0x00017150                ll_adv_scan_rsp_set
 .text.bt_rand  0x00017160        0x4 zephyr/subsys/bluetooth/controller/libsubsys__bluetooth__controller.a(crypto.c.obj)
                0x00017160                bt_rand
 .text.radio_nrf5_isr
                0x00017164       0x1c zephyr/subsys/bluetooth/controller/ll_sw/nordic/libsubsys__bluetooth__controller__ll_sw__nordic.a(lll.c.obj)
                0x00017164                radio_nrf5_isr
 .text.rtc0_nrf5_isr
                0x00017180       0x30 zephyr/subsys/bluetooth/controller/ll_sw/nordic/libsubsys__bluetooth__controller__ll_sw__nordic.a(lll.c.obj)
 .text.swi_lll_nrf5_isr
                0x000171b0        0x8 zephyr/subsys/bluetooth/controller/ll_sw/nordic/libsubsys__bluetooth__controller__ll_sw__nordic.a(lll.c.obj)
 .text.ticker_start_op_cb
                0x000171b8       0x4c zephyr/subsys/bluetooth/controller/ll_sw/nordic/libsubsys__bluetooth__controller__ll_sw__nordic.a(lll.c.obj)
 .text.ticker_stop_op_cb
                0x00017204       0x40 zephyr/subsys/bluetooth/controller/ll_sw/nordic/libsubsys__bluetooth__controller__ll_sw__nordic.a(lll.c.obj)
 .text.isr_race
                0x00017244        0x4 zephyr/subsys/bluetooth/controller/ll_sw/nordic/libsubsys__bluetooth__controller__ll_sw__nordic.a(lll.c.obj)
 .text.preempt_ticker_cb
                0x00017248       0x3c zephyr/subsys/bluetooth/controller/ll_sw/nordic/libsubsys__bluetooth__controller__ll_sw__nordic.a(lll.c.obj)
 .text.preempt_ticker_start.isra.0
                0x00017284       0xf0 zephyr/subsys/bluetooth/controller/ll_sw/nordic/libsubsys__bluetooth__controller__ll_sw__nordic.a(lll.c.obj)
 .text.preempt  0x00017374      0x1f0 zephyr/subsys/bluetooth/controller/ll_sw/nordic/libsubsys__bluetooth__controller__ll_sw__nordic.a(lll.c.obj)
 .text.lll_init
                0x00017564       0x6c zephyr/subsys/bluetooth/controller/ll_sw/nordic/libsubsys__bluetooth__controller__ll_sw__nordic.a(lll.c.obj)
                0x00017564                lll_init
 .text.lll_deinit
                0x000175d0       0x20 zephyr/subsys/bluetooth/controller/ll_sw/nordic/libsubsys__bluetooth__controller__ll_sw__nordic.a(lll.c.obj)
                0x000175d0                lll_deinit
 .text.lll_csrand_get
                0x000175f0       0x14 zephyr/subsys/bluetooth/controller/ll_sw/nordic/libsubsys__bluetooth__controller__ll_sw__nordic.a(lll.c.obj)
                0x000175f0                lll_csrand_get
 .text.lll_rand_isr_get
                0x00017604       0x24 zephyr/subsys/bluetooth/controller/ll_sw/nordic/libsubsys__bluetooth__controller__ll_sw__nordic.a(lll.c.obj)
                0x00017604                lll_rand_isr_get
 .text.lll_reset
                0x00017628        0x4 zephyr/subsys/bluetooth/controller/ll_sw/nordic/libsubsys__bluetooth__controller__ll_sw__nordic.a(lll.c.obj)
                0x00017628                lll_reset
 .text.lll_disable
                0x0001762c       0x90 zephyr/subsys/bluetooth/controller/ll_sw/nordic/libsubsys__bluetooth__controller__ll_sw__nordic.a(lll.c.obj)
                0x0001762c                lll_disable
 .text.lll_prepare_done
                0x000176bc        0x4 zephyr/subsys/bluetooth/controller/ll_sw/nordic/libsubsys__bluetooth__controller__ll_sw__nordic.a(lll.c.obj)
                0x000176bc                lll_prepare_done
 .text.lll_done
                0x000176c0       0x44 zephyr/subsys/bluetooth/controller/ll_sw/nordic/libsubsys__bluetooth__controller__ll_sw__nordic.a(lll.c.obj)
                0x000176c0                lll_done
 .text.lll_event_offset_get
                0x00017704        0x4 zephyr/subsys/bluetooth/controller/ll_sw/nordic/libsubsys__bluetooth__controller__ll_sw__nordic.a(lll.c.obj)
                0x00017704                lll_event_offset_get
 .text.lll_preempt_calc
                0x00017708       0x20 zephyr/subsys/bluetooth/controller/ll_sw/nordic/libsubsys__bluetooth__controller__ll_sw__nordic.a(lll.c.obj)
                0x00017708                lll_preempt_calc
 .text.lll_chan_set
                0x00017728       0x68 zephyr/subsys/bluetooth/controller/ll_sw/nordic/libsubsys__bluetooth__controller__ll_sw__nordic.a(lll.c.obj)
                0x00017728                lll_chan_set
 .text.lll_isr_tx_status_reset
                0x00017790       0x10 zephyr/subsys/bluetooth/controller/ll_sw/nordic/libsubsys__bluetooth__controller__ll_sw__nordic.a(lll.c.obj)
                0x00017790                lll_isr_tx_status_reset
 .text.lll_isr_status_reset
                0x000177a0       0x18 zephyr/subsys/bluetooth/controller/ll_sw/nordic/libsubsys__bluetooth__controller__ll_sw__nordic.a(lll.c.obj)
                0x000177a0                lll_isr_status_reset
 .text.lll_isr_cleanup
                0x000177b8       0x50 zephyr/subsys/bluetooth/controller/ll_sw/nordic/libsubsys__bluetooth__controller__ll_sw__nordic.a(lll.c.obj)
                0x000177b8                lll_isr_cleanup
 .text.lll_prepare_resolve
                0x00017808      0x164 zephyr/subsys/bluetooth/controller/ll_sw/nordic/libsubsys__bluetooth__controller__ll_sw__nordic.a(lll.c.obj)
                0x00017808                lll_prepare_resolve
 .text.lll_clock_init
                0x0001796c       0x24 zephyr/subsys/bluetooth/controller/ll_sw/nordic/libsubsys__bluetooth__controller__ll_sw__nordic.a(lll_clock.c.obj)
                0x0001796c                lll_clock_init
 .text.lll_clock_deinit
                0x00017990       0x20 zephyr/subsys/bluetooth/controller/ll_sw/nordic/libsubsys__bluetooth__controller__ll_sw__nordic.a(lll_clock.c.obj)
                0x00017990                lll_clock_deinit
 .text.lll_hfclock_on
                0x000179b0       0x2c zephyr/subsys/bluetooth/controller/ll_sw/nordic/libsubsys__bluetooth__controller__ll_sw__nordic.a(lll_clock.c.obj)
                0x000179b0                lll_hfclock_on
 .text.lll_hfclock_off
                0x000179dc       0x40 zephyr/subsys/bluetooth/controller/ll_sw/nordic/libsubsys__bluetooth__controller__ll_sw__nordic.a(lll_clock.c.obj)
                0x000179dc                lll_hfclock_off
 .text.is_abort_cb
                0x00017a1c        0x8 zephyr/subsys/bluetooth/controller/ll_sw/nordic/libsubsys__bluetooth__controller__ll_sw__nordic.a(lll_adv.c.obj)
 .text.isr_abort
                0x00017a24       0x18 zephyr/subsys/bluetooth/controller/ll_sw/nordic/libsubsys__bluetooth__controller__ll_sw__nordic.a(lll_adv.c.obj)
 .text.isr_tx   0x00017a3c       0x7c zephyr/subsys/bluetooth/controller/ll_sw/nordic/libsubsys__bluetooth__controller__ll_sw__nordic.a(lll_adv.c.obj)
 .text.abort_cb
                0x00017ab8       0x30 zephyr/subsys/bluetooth/controller/ll_sw/nordic/libsubsys__bluetooth__controller__ll_sw__nordic.a(lll_adv.c.obj)
 .text.isr_rx   0x00017ae8       0xc4 zephyr/subsys/bluetooth/controller/ll_sw/nordic/libsubsys__bluetooth__controller__ll_sw__nordic.a(lll_adv.c.obj)
 .text.lll_adv_init
                0x00017bac       0x30 zephyr/subsys/bluetooth/controller/ll_sw/nordic/libsubsys__bluetooth__controller__ll_sw__nordic.a(lll_adv.c.obj)
                0x00017bac                lll_adv_init
 .text.lll_adv_reset
                0x00017bdc       0x30 zephyr/subsys/bluetooth/controller/ll_sw/nordic/libsubsys__bluetooth__controller__ll_sw__nordic.a(lll_adv.c.obj)
                0x00017bdc                lll_adv_reset
 .text.lll_adv_data_init
                0x00017c0c       0x20 zephyr/subsys/bluetooth/controller/ll_sw/nordic/libsubsys__bluetooth__controller__ll_sw__nordic.a(lll_adv.c.obj)
                0x00017c0c                lll_adv_data_init
 .text.lll_adv_data_reset
                0x00017c2c        0xc zephyr/subsys/bluetooth/controller/ll_sw/nordic/libsubsys__bluetooth__controller__ll_sw__nordic.a(lll_adv.c.obj)
                0x00017c2c                lll_adv_data_reset
 .text.lll_adv_pdu_alloc_pdu_adv
                0x00017c38       0x88 zephyr/subsys/bluetooth/controller/ll_sw/nordic/libsubsys__bluetooth__controller__ll_sw__nordic.a(lll_adv.c.obj)
                0x00017c38                lll_adv_pdu_alloc_pdu_adv
 .text.lll_adv_pdu_alloc
                0x00017cc0       0x44 zephyr/subsys/bluetooth/controller/ll_sw/nordic/libsubsys__bluetooth__controller__ll_sw__nordic.a(lll_adv.c.obj)
                0x00017cc0                lll_adv_pdu_alloc
 .text.lll_adv_pdu_latest_get
                0x00017d04       0x6c zephyr/subsys/bluetooth/controller/ll_sw/nordic/libsubsys__bluetooth__controller__ll_sw__nordic.a(lll_adv.c.obj)
                0x00017d04                lll_adv_pdu_latest_get
 .text.chan_prepare.isra.0
                0x00017d70       0xb0 zephyr/subsys/bluetooth/controller/ll_sw/nordic/libsubsys__bluetooth__controller__ll_sw__nordic.a(lll_adv.c.obj)
 .text.isr_done
                0x00017e20       0x30 zephyr/subsys/bluetooth/controller/ll_sw/nordic/libsubsys__bluetooth__controller__ll_sw__nordic.a(lll_adv.c.obj)
 .text.isr_tx_done
                0x00017e50       0x34 zephyr/subsys/bluetooth/controller/ll_sw/nordic/libsubsys__bluetooth__controller__ll_sw__nordic.a(lll_adv.c.obj)
 .text.lll_adv_prepare
                0x00017e84       0x3c zephyr/subsys/bluetooth/controller/ll_sw/nordic/libsubsys__bluetooth__controller__ll_sw__nordic.a(lll_adv.c.obj)
                0x00017e84                lll_adv_prepare
 .text.hci_vendor_read_static_addr
                0x00017ec0       0xa0 zephyr/subsys/bluetooth/controller/ll_sw/nordic/libsubsys__bluetooth__controller__ll_sw__nordic.a(hci_vendor.c.obj)
                0x00017ec0                hci_vendor_read_static_addr
 .text.hci_vendor_read_key_hierarchy_roots
                0x00017f60       0x54 zephyr/subsys/bluetooth/controller/ll_sw/nordic/libsubsys__bluetooth__controller__ll_sw__nordic.a(hci_vendor.c.obj)
                0x00017f60                hci_vendor_read_key_hierarchy_roots
 .text.cntr_init
                0x00017fb4       0x1c zephyr/subsys/bluetooth/controller/ll_sw/nordic/libsubsys__bluetooth__controller__ll_sw__nordic.a(cntr.c.obj)
                0x00017fb4                cntr_init
 .text.cntr_start
                0x00017fd0       0x20 zephyr/subsys/bluetooth/controller/ll_sw/nordic/libsubsys__bluetooth__controller__ll_sw__nordic.a(cntr.c.obj)
                0x00017fd0                cntr_start
 .text.cntr_stop
                0x00017ff0       0x28 zephyr/subsys/bluetooth/controller/ll_sw/nordic/libsubsys__bluetooth__controller__ll_sw__nordic.a(cntr.c.obj)
                0x00017ff0                cntr_stop
 .text.cntr_cnt_get
                0x00018018        0xc zephyr/subsys/bluetooth/controller/ll_sw/nordic/libsubsys__bluetooth__controller__ll_sw__nordic.a(cntr.c.obj)
                0x00018018                cntr_cnt_get
 .text.cntr_cmp_set
                0x00018024       0x10 zephyr/subsys/bluetooth/controller/ll_sw/nordic/libsubsys__bluetooth__controller__ll_sw__nordic.a(cntr.c.obj)
                0x00018024                cntr_cmp_set
 .text.isr_radio
                0x00018034       0x20 zephyr/subsys/bluetooth/controller/ll_sw/nordic/libsubsys__bluetooth__controller__ll_sw__nordic.a(radio.c.obj)
                0x00018034                isr_radio
 .text.radio_isr_set
                0x00018054       0x14 zephyr/subsys/bluetooth/controller/ll_sw/nordic/libsubsys__bluetooth__controller__ll_sw__nordic.a(radio.c.obj)
                0x00018054                radio_isr_set
 .text.radio_setup
                0x00018068       0x44 zephyr/subsys/bluetooth/controller/ll_sw/nordic/libsubsys__bluetooth__controller__ll_sw__nordic.a(radio.c.obj)
                0x00018068                radio_setup
 .text.radio_reset
                0x000180ac       0x28 zephyr/subsys/bluetooth/controller/ll_sw/nordic/libsubsys__bluetooth__controller__ll_sw__nordic.a(radio.c.obj)
                0x000180ac                radio_reset
 .text.radio_stop
                0x000180d4        0x4 zephyr/subsys/bluetooth/controller/ll_sw/nordic/libsubsys__bluetooth__controller__ll_sw__nordic.a(radio.c.obj)
                0x000180d4                radio_stop
 .text.radio_phy_set
                0x000180d8       0x1c zephyr/subsys/bluetooth/controller/ll_sw/nordic/libsubsys__bluetooth__controller__ll_sw__nordic.a(radio.c.obj)
                0x000180d8                radio_phy_set
 .text.radio_tx_power_set
                0x000180f4       0x60 zephyr/subsys/bluetooth/controller/ll_sw/nordic/libsubsys__bluetooth__controller__ll_sw__nordic.a(radio.c.obj)
                0x000180f4                radio_tx_power_set
 .text.radio_freq_chan_set
                0x00018154        0xc zephyr/subsys/bluetooth/controller/ll_sw/nordic/libsubsys__bluetooth__controller__ll_sw__nordic.a(radio.c.obj)
                0x00018154                radio_freq_chan_set
 .text.radio_whiten_iv_set
                0x00018160       0x28 zephyr/subsys/bluetooth/controller/ll_sw/nordic/libsubsys__bluetooth__controller__ll_sw__nordic.a(radio.c.obj)
                0x00018160                radio_whiten_iv_set
 .text.radio_aa_set
                0x00018188       0x28 zephyr/subsys/bluetooth/controller/ll_sw/nordic/libsubsys__bluetooth__controller__ll_sw__nordic.a(radio.c.obj)
                0x00018188                radio_aa_set
 .text.radio_pkt_configure
                0x000181b0       0x54 zephyr/subsys/bluetooth/controller/ll_sw/nordic/libsubsys__bluetooth__controller__ll_sw__nordic.a(radio.c.obj)
                0x000181b0                radio_pkt_configure
 .text.radio_pkt_rx_set
                0x00018204        0xc zephyr/subsys/bluetooth/controller/ll_sw/nordic/libsubsys__bluetooth__controller__ll_sw__nordic.a(radio.c.obj)
                0x00018204                radio_pkt_rx_set
 .text.radio_pkt_tx_set
                0x00018210        0xc zephyr/subsys/bluetooth/controller/ll_sw/nordic/libsubsys__bluetooth__controller__ll_sw__nordic.a(radio.c.obj)
                0x00018210                radio_pkt_tx_set
 .text.radio_tx_chain_delay_get
                0x0001821c        0x4 zephyr/subsys/bluetooth/controller/ll_sw/nordic/libsubsys__bluetooth__controller__ll_sw__nordic.a(radio.c.obj)
                0x0001821c                radio_tx_chain_delay_get
 .text.radio_rx_chain_delay_get
                0x00018220        0xc zephyr/subsys/bluetooth/controller/ll_sw/nordic/libsubsys__bluetooth__controller__ll_sw__nordic.a(radio.c.obj)
                0x00018220                radio_rx_chain_delay_get
 .text.radio_tx_enable
                0x0001822c        0xc zephyr/subsys/bluetooth/controller/ll_sw/nordic/libsubsys__bluetooth__controller__ll_sw__nordic.a(radio.c.obj)
                0x0001822c                radio_tx_enable
 .text.radio_disable
                0x00018238       0x40 zephyr/subsys/bluetooth/controller/ll_sw/nordic/libsubsys__bluetooth__controller__ll_sw__nordic.a(radio.c.obj)
                0x00018238                radio_disable
 .text.radio_status_reset
                0x00018278       0x2c zephyr/subsys/bluetooth/controller/ll_sw/nordic/libsubsys__bluetooth__controller__ll_sw__nordic.a(radio.c.obj)
                0x00018278                radio_status_reset
 .text.radio_is_ready
                0x000182a4       0x14 zephyr/subsys/bluetooth/controller/ll_sw/nordic/libsubsys__bluetooth__controller__ll_sw__nordic.a(radio.c.obj)
                0x000182a4                radio_is_ready
 .text.radio_is_done
                0x000182b8       0x14 zephyr/subsys/bluetooth/controller/ll_sw/nordic/libsubsys__bluetooth__controller__ll_sw__nordic.a(radio.c.obj)
                0x000182b8                radio_is_done
 .text.radio_is_tx_done
                0x000182cc        0x4 zephyr/subsys/bluetooth/controller/ll_sw/nordic/libsubsys__bluetooth__controller__ll_sw__nordic.a(radio.c.obj)
                0x000182cc                radio_is_tx_done
 .text.radio_is_idle
                0x000182d0       0x14 zephyr/subsys/bluetooth/controller/ll_sw/nordic/libsubsys__bluetooth__controller__ll_sw__nordic.a(radio.c.obj)
                0x000182d0                radio_is_idle
 .text.radio_crc_configure
                0x000182e4       0x18 zephyr/subsys/bluetooth/controller/ll_sw/nordic/libsubsys__bluetooth__controller__ll_sw__nordic.a(radio.c.obj)
                0x000182e4                radio_crc_configure
 .text.radio_crc_is_valid
                0x000182fc       0x14 zephyr/subsys/bluetooth/controller/ll_sw/nordic/libsubsys__bluetooth__controller__ll_sw__nordic.a(radio.c.obj)
                0x000182fc                radio_crc_is_valid
 .text.radio_switch_complete_and_rx
                0x00018310       0x90 zephyr/subsys/bluetooth/controller/ll_sw/nordic/libsubsys__bluetooth__controller__ll_sw__nordic.a(radio.c.obj)
                0x00018310                radio_switch_complete_and_rx
 .text.radio_switch_complete_and_tx
                0x000183a0       0xc0 zephyr/subsys/bluetooth/controller/ll_sw/nordic/libsubsys__bluetooth__controller__ll_sw__nordic.a(radio.c.obj)
                0x000183a0                radio_switch_complete_and_tx
 .text.radio_switch_complete_and_disable
                0x00018460       0x1c zephyr/subsys/bluetooth/controller/ll_sw/nordic/libsubsys__bluetooth__controller__ll_sw__nordic.a(radio.c.obj)
                0x00018460                radio_switch_complete_and_disable
 .text.radio_rssi_status_reset
                0x0001847c       0x14 zephyr/subsys/bluetooth/controller/ll_sw/nordic/libsubsys__bluetooth__controller__ll_sw__nordic.a(radio.c.obj)
                0x0001847c                radio_rssi_status_reset
 .text.radio_rssi_is_ready
                0x00018490       0x14 zephyr/subsys/bluetooth/controller/ll_sw/nordic/libsubsys__bluetooth__controller__ll_sw__nordic.a(radio.c.obj)
                0x00018490                radio_rssi_is_ready
 .text.radio_filter_disable
                0x000184a4       0x14 zephyr/subsys/bluetooth/controller/ll_sw/nordic/libsubsys__bluetooth__controller__ll_sw__nordic.a(radio.c.obj)
                0x000184a4                radio_filter_disable
 .text.radio_filter_status_reset
                0x000184b8       0x14 zephyr/subsys/bluetooth/controller/ll_sw/nordic/libsubsys__bluetooth__controller__ll_sw__nordic.a(radio.c.obj)
                0x000184b8                radio_filter_status_reset
 .text.radio_filter_has_match
                0x000184cc       0x14 zephyr/subsys/bluetooth/controller/ll_sw/nordic/libsubsys__bluetooth__controller__ll_sw__nordic.a(radio.c.obj)
                0x000184cc                radio_filter_has_match
 .text.radio_filter_match_get
                0x000184e0        0xc zephyr/subsys/bluetooth/controller/ll_sw/nordic/libsubsys__bluetooth__controller__ll_sw__nordic.a(radio.c.obj)
                0x000184e0                radio_filter_match_get
 .text.radio_tmr_status_reset
                0x000184ec       0x20 zephyr/subsys/bluetooth/controller/ll_sw/nordic/libsubsys__bluetooth__controller__ll_sw__nordic.a(radio.c.obj)
                0x000184ec                radio_tmr_status_reset
 .text.radio_tmr_tifs_set
                0x0001850c       0x18 zephyr/subsys/bluetooth/controller/ll_sw/nordic/libsubsys__bluetooth__controller__ll_sw__nordic.a(radio.c.obj)
                0x0001850c                radio_tmr_tifs_set
 .text.radio_tmr_start
                0x00018524       0xec zephyr/subsys/bluetooth/controller/ll_sw/nordic/libsubsys__bluetooth__controller__ll_sw__nordic.a(radio.c.obj)
                0x00018524                radio_tmr_start
 .text.radio_tmr_stop
                0x00018610       0x18 zephyr/subsys/bluetooth/controller/ll_sw/nordic/libsubsys__bluetooth__controller__ll_sw__nordic.a(radio.c.obj)
                0x00018610                radio_tmr_stop
 .text.radio_tmr_hcto_configure
                0x00018628       0x1c zephyr/subsys/bluetooth/controller/ll_sw/nordic/libsubsys__bluetooth__controller__ll_sw__nordic.a(radio.c.obj)
                0x00018628                radio_tmr_hcto_configure
 .text.radio_tmr_end_capture
                0x00018644       0x10 zephyr/subsys/bluetooth/controller/ll_sw/nordic/libsubsys__bluetooth__controller__ll_sw__nordic.a(radio.c.obj)
                0x00018644                radio_tmr_end_capture
 .text.radio_tmr_tifs_base_get
                0x00018654        0xc zephyr/subsys/bluetooth/controller/ll_sw/nordic/libsubsys__bluetooth__controller__ll_sw__nordic.a(radio.c.obj)
                0x00018654                radio_tmr_tifs_base_get
 .text.mayfly_enable_cb
                0x00018660       0x18 zephyr/subsys/bluetooth/controller/ll_sw/nordic/libsubsys__bluetooth__controller__ll_sw__nordic.a(mayfly.c.obj)
                0x00018660                mayfly_enable_cb
 .text.mayfly_is_enabled
                0x00018678       0x1c zephyr/subsys/bluetooth/controller/ll_sw/nordic/libsubsys__bluetooth__controller__ll_sw__nordic.a(mayfly.c.obj)
                0x00018678                mayfly_is_enabled
 .text.mayfly_prio_is_equal
                0x00018694       0x2c zephyr/subsys/bluetooth/controller/ll_sw/nordic/libsubsys__bluetooth__controller__ll_sw__nordic.a(mayfly.c.obj)
                0x00018694                mayfly_prio_is_equal
 .text.mayfly_pend
                0x000186c0       0x2c zephyr/subsys/bluetooth/controller/ll_sw/nordic/libsubsys__bluetooth__controller__ll_sw__nordic.a(mayfly.c.obj)
                0x000186c0                mayfly_pend
 .text.hal_ticker_instance0_caller_id_get
                0x000186ec       0x20 zephyr/subsys/bluetooth/controller/ll_sw/nordic/libsubsys__bluetooth__controller__ll_sw__nordic.a(ticker.c.obj)
                0x000186ec                hal_ticker_instance0_caller_id_get
 .text.hal_ticker_instance0_sched
                0x0001870c       0xa0 zephyr/subsys/bluetooth/controller/ll_sw/nordic/libsubsys__bluetooth__controller__ll_sw__nordic.a(ticker.c.obj)
                0x0001870c                hal_ticker_instance0_sched
 .text.hal_ticker_instance0_trigger_set
                0x000187ac        0x8 zephyr/subsys/bluetooth/controller/ll_sw/nordic/libsubsys__bluetooth__controller__ll_sw__nordic.a(ticker.c.obj)
                0x000187ac                hal_ticker_instance0_trigger_set
 .text.do_ecb   0x000187b4       0x50 zephyr/subsys/bluetooth/controller/ll_sw/nordic/libsubsys__bluetooth__controller__ll_sw__nordic.a(ecb.c.obj)
 .text.isr_ecb  0x00018804       0x4c zephyr/subsys/bluetooth/controller/ll_sw/nordic/libsubsys__bluetooth__controller__ll_sw__nordic.a(ecb.c.obj)
 .text.ecb_encrypt
                0x00018850       0x44 zephyr/subsys/bluetooth/controller/ll_sw/nordic/libsubsys__bluetooth__controller__ll_sw__nordic.a(ecb.c.obj)
                0x00018850                ecb_encrypt
 .text.onoff_stop
                0x00018894       0x30 zephyr/drivers/clock_control/libdrivers__clock_control.a(clock_control_nrf.c.obj)
 .text.onoff_start
                0x000188c4       0x44 zephyr/drivers/clock_control/libdrivers__clock_control.a(clock_control_nrf.c.obj)
 .text.clk_init
                0x00018908       0x58 zephyr/drivers/clock_control/libdrivers__clock_control.a(clock_control_nrf.c.obj)
 .text.api_blocking_start
                0x00018960       0x30 zephyr/drivers/clock_control/libdrivers__clock_control.a(clock_control_nrf.c.obj)
 .text.generic_hfclk_stop
                0x00018990       0x34 zephyr/drivers/clock_control/libdrivers__clock_control.a(clock_control_nrf.c.obj)
 .text.clkstarted_handle.constprop.0
                0x000189c4       0x4c zephyr/drivers/clock_control/libdrivers__clock_control.a(clock_control_nrf.c.obj)
 .text.generic_hfclk_start
                0x00018a10       0x78 zephyr/drivers/clock_control/libdrivers__clock_control.a(clock_control_nrf.c.obj)
 .text.clock_event_handler
                0x00018a88       0x1c zephyr/drivers/clock_control/libdrivers__clock_control.a(clock_control_nrf.c.obj)
 .text.z_nrf_clock_control_get_onoff
                0x00018aa4       0x10 zephyr/drivers/clock_control/libdrivers__clock_control.a(clock_control_nrf.c.obj)
                0x00018aa4                z_nrf_clock_control_get_onoff
 .text.z_nrf_clock_bt_ctlr_hf_request
                0x00018ab4       0x2c zephyr/drivers/clock_control/libdrivers__clock_control.a(clock_control_nrf.c.obj)
                0x00018ab4                z_nrf_clock_bt_ctlr_hf_request
 .text.z_nrf_clock_bt_ctlr_hf_release
                0x00018ae0       0x34 zephyr/drivers/clock_control/libdrivers__clock_control.a(clock_control_nrf.c.obj)
                0x00018ae0                z_nrf_clock_bt_ctlr_hf_release
 .text.z_nrf_clock_control_lf_on
                0x00018b14       0xfc zephyr/drivers/clock_control/libdrivers__clock_control.a(clock_control_nrf.c.obj)
                0x00018b14                z_nrf_clock_control_lf_on
 .text.uart_console_init
                0x00018c10       0x28 zephyr/drivers/console/libdrivers__console.a(uart_console.c.obj)
 .text.console_out
                0x00018c38       0x28 zephyr/drivers/console/libdrivers__console.a(uart_console.c.obj)
 .text.random_byte_get
                0x00018c60       0x3c zephyr/drivers/entropy/libdrivers__entropy.a(entropy_nrf5.c.obj)
 .text.rng_pool_get
                0x00018c9c       0x84 zephyr/drivers/entropy/libdrivers__entropy.a(entropy_nrf5.c.obj)
 .text.entropy_nrf5_get_entropy_isr
                0x00018d20       0xb0 zephyr/drivers/entropy/libdrivers__entropy.a(entropy_nrf5.c.obj)
 .text.entropy_nrf5_get_entropy
                0x00018dd0       0x54 zephyr/drivers/entropy/libdrivers__entropy.a(entropy_nrf5.c.obj)
 .text.entropy_nrf5_init
                0x00018e24       0x6c zephyr/drivers/entropy/libdrivers__entropy.a(entropy_nrf5.c.obj)
 .text.isr      0x00018e90       0x74 zephyr/drivers/entropy/libdrivers__entropy.a(entropy_nrf5.c.obj)
 .text.gpio_nrfx_pin_configure
                0x00018f04      0x184 zephyr/drivers/gpio/libdrivers__gpio.a(gpio_nrfx.c.obj)
 .text.nrfx_gpio_handler
                0x00019088       0x4c zephyr/drivers/gpio/libdrivers__gpio.a(gpio_nrfx.c.obj)
 .text.gpio_nrfx_init
                0x000190d4       0x3c zephyr/drivers/gpio/libdrivers__gpio.a(gpio_nrfx.c.obj)
 .text.gpio_nrfx_pin_interrupt_configure
                0x00019110       0xfc zephyr/drivers/gpio/libdrivers__gpio.a(gpio_nrfx.c.obj)
 .text.nrf_gpio_pin_port_decode
                0x0001920c       0x20 zephyr/drivers/pinctrl/libdrivers__pinctrl.a(pinctrl_nrf.c.obj)
 .text.pinctrl_configure_pins
                0x0001922c      0x17c zephyr/drivers/pinctrl/libdrivers__pinctrl.a(pinctrl_nrf.c.obj)
                0x0001922c                pinctrl_configure_pins
 .text.uart_nrfx_poll_in
                0x000193a8       0x24 zephyr/drivers/serial/libdrivers__serial.a(uart_nrfx_uart.c.obj)
 .text.uart_nrfx_err_check
                0x000193cc       0x10 zephyr/drivers/serial/libdrivers__serial.a(uart_nrfx_uart.c.obj)
 .text.uart_nrfx_poll_out
                0x000193dc       0x7c zephyr/drivers/serial/libdrivers__serial.a(uart_nrfx_uart.c.obj)
 .text.uart_nrfx_init
                0x00019458      0x1ac zephyr/drivers/serial/libdrivers__serial.a(uart_nrfx_uart.c.obj)
 .text.compare_int_lock
                0x00019604       0x4c zephyr/drivers/timer/libdrivers__timer.a(nrf_rtc_timer.c.obj)
 .text.sys_clock_timeout_handler
                0x00019650       0x58 zephyr/drivers/timer/libdrivers__timer.a(nrf_rtc_timer.c.obj)
 .text.compare_int_unlock
                0x000196a8       0x5c zephyr/drivers/timer/libdrivers__timer.a(nrf_rtc_timer.c.obj)
 .text.z_nrf_rtc_timer_read
                0x00019704       0x44 zephyr/drivers/timer/libdrivers__timer.a(nrf_rtc_timer.c.obj)
                0x00019704                z_nrf_rtc_timer_read
 .text.compare_set
                0x00019748      0x130 zephyr/drivers/timer/libdrivers__timer.a(nrf_rtc_timer.c.obj)
 .text.sys_clock_driver_init
                0x00019878       0x90 zephyr/drivers/timer/libdrivers__timer.a(nrf_rtc_timer.c.obj)
 .text.rtc_nrf_isr
                0x00019908       0xd0 zephyr/drivers/timer/libdrivers__timer.a(nrf_rtc_timer.c.obj)
                0x00019908                rtc_nrf_isr
 .text.sys_clock_set_timeout
                0x000199d8       0x5c zephyr/drivers/timer/libdrivers__timer.a(nrf_rtc_timer.c.obj)
                0x000199d8                sys_clock_set_timeout
 .text.sys_clock_elapsed
                0x00019a34       0x14 zephyr/drivers/timer/libdrivers__timer.a(nrf_rtc_timer.c.obj)
                0x00019a34                sys_clock_elapsed
 .text.nvmc_wait
                0x00019a48       0x10 modules/hal_nordic/nrfx/libnrfx.a(system_nrf52840.c.obj)
                0x00019a48                nvmc_wait
 .text.SystemInit
                0x00019a58      0x1ac modules/hal_nordic/nrfx/libnrfx.a(system_nrf52840.c.obj)
                0x00019a58                SystemInit
 .text.hfclk_event_handler
                0x00019c04        0xc modules/hal_nordic/nrfx/libnrfx.a(nrfx_clock.c.obj)
 .text.lfclk_event_handler
                0x00019c10        0xc modules/hal_nordic/nrfx/libnrfx.a(nrfx_clock.c.obj)
 .text.nrfx_clock_init
                0x00019c1c       0x40 modules/hal_nordic/nrfx/libnrfx.a(nrfx_clock.c.obj)
                0x00019c1c                nrfx_clock_init
 .text.nrfx_clock_enable
                0x00019c5c       0x20 modules/hal_nordic/nrfx/libnrfx.a(nrfx_clock.c.obj)
                0x00019c5c                nrfx_clock_enable
 .text.clock_stop
                0x00019c7c       0x4c modules/hal_nordic/nrfx/libnrfx.a(nrfx_clock_hfclk.c.obj)
 .text.nrfx_clock_hfclk_init
                0x00019cc8       0x28 modules/hal_nordic/nrfx/libnrfx.a(nrfx_clock_hfclk.c.obj)
                0x00019cc8                nrfx_clock_hfclk_init
 .text.nrfx_clock_hfclk_start
                0x00019cf0       0x38 modules/hal_nordic/nrfx/libnrfx.a(nrfx_clock_hfclk.c.obj)
                0x00019cf0                nrfx_clock_hfclk_start
 .text.nrfx_clock_hfclk_irq_handler
                0x00019d28       0x40 modules/hal_nordic/nrfx/libnrfx.a(nrfx_clock_hfclk.c.obj)
                0x00019d28                nrfx_clock_hfclk_irq_handler
 .text.nrfx_clock_lfclk_init
                0x00019d68       0x24 modules/hal_nordic/nrfx/libnrfx.a(nrfx_clock_lfclk.c.obj)
                0x00019d68                nrfx_clock_lfclk_init
 .text.nrfx_clock_lfclk_start
                0x00019d8c       0x80 modules/hal_nordic/nrfx/libnrfx.a(nrfx_clock_lfclk.c.obj)
                0x00019d8c                nrfx_clock_lfclk_start
 .text.nrfx_clock_lfclk_irq_handler
                0x00019e0c       0x70 modules/hal_nordic/nrfx/libnrfx.a(nrfx_clock_lfclk.c.obj)
                0x00019e0c                nrfx_clock_lfclk_irq_handler
 .text.nrf_gpio_pin_port_decode
                0x00019e7c       0x20 modules/hal_nordic/nrfx/libnrfx.a(nrfx_gpiote.c.obj)
 .text.get_pin_idx
                0x00019e9c       0x14 modules/hal_nordic/nrfx/libnrfx.a(nrfx_gpiote.c.obj)
 .text.latch_pending_read_and_check
                0x00019eb0       0x60 modules/hal_nordic/nrfx/libnrfx.a(nrfx_gpiote.c.obj)
 .text.pin_uninit
                0x00019f10       0x78 modules/hal_nordic/nrfx/libnrfx.a(nrfx_gpiote.c.obj)
 .text.nrfx_gpiote_channel_free
                0x00019f88        0xc modules/hal_nordic/nrfx/libnrfx.a(nrfx_gpiote.c.obj)
                0x00019f88                nrfx_gpiote_channel_free
 .text.nrfx_gpiote_channel_alloc
                0x00019f94       0x18 modules/hal_nordic/nrfx/libnrfx.a(nrfx_gpiote.c.obj)
                0x00019f94                nrfx_gpiote_channel_alloc
 .text.nrfx_gpiote_irq_handler
                0x00019fac      0x1cc modules/hal_nordic/nrfx/libnrfx.a(nrfx_gpiote.c.obj)
                0x00019fac                nrfx_gpiote_irq_handler
 .text.k_sys_fatal_error_handler
                0x0001a178       0x20 zephyr/kernel/libkernel.a(fatal.c.obj)
                0x0001a178                k_sys_fatal_error_handler
 .text.z_fatal_error
                0x0001a198       0xec zephyr/kernel/libkernel.a(fatal.c.obj)
                0x0001a198                z_fatal_error
 .text.z_sys_init_run_level
                0x0001a284       0x30 zephyr/kernel/libkernel.a(init.c.obj)
 .text.bg_thread_main
                0x0001a2b4       0xc0 zephyr/kernel/libkernel.a(init.c.obj)
 .text.z_init_cpu
                0x0001a374       0x70 zephyr/kernel/libkernel.a(init.c.obj)
                0x0001a374                z_init_cpu
 .text.z_cstart
                0x0001a3e4       0xd0 zephyr/kernel/libkernel.a(init.c.obj)
                0x0001a3e4                z_cstart
 .text.statics_init
                0x0001a4b4       0x24 zephyr/kernel/libkernel.a(kheap.c.obj)
 .text.z_impl_k_queue_get
                0x0001a4d8       0x64 zephyr/kernel/libkernel.a(queue.c.obj)
                0x0001a4d8                z_impl_k_queue_get
 .text.z_impl_k_sem_give
                0x0001a53c       0x68 zephyr/kernel/libkernel.a(sem.c.obj)
                0x0001a53c                z_impl_k_sem_give
 .text.z_impl_k_sem_take
                0x0001a5a4       0x4c zephyr/kernel/libkernel.a(sem.c.obj)
                0x0001a5a4                z_impl_k_sem_take
 .text.z_impl_k_sem_reset
                0x0001a5f0       0x6c zephyr/kernel/libkernel.a(sem.c.obj)
                0x0001a5f0                z_impl_k_sem_reset
 .text.work_queue_main
                0x0001a65c      0x160 zephyr/kernel/libkernel.a(work.c.obj)
 .text.submit_to_queue_locked
                0x0001a7bc       0xa4 zephyr/kernel/libkernel.a(work.c.obj)
 .text.k_work_submit
                0x0001a860        0xc zephyr/kernel/libkernel.a(work.c.obj)
                0x0001a860                k_work_submit
 .text.k_work_queue_start
                0x0001a86c       0x80 zephyr/kernel/libkernel.a(work.c.obj)
                0x0001a86c                k_work_queue_start
 .text.k_work_reschedule_for_queue
                0x0001a8ec       0x5c zephyr/kernel/libkernel.a(work.c.obj)
                0x0001a8ec                k_work_reschedule_for_queue
 .text.k_work_reschedule
                0x0001a948        0xc zephyr/kernel/libkernel.a(work.c.obj)
                0x0001a948                k_work_reschedule
 .text.z_setup_new_thread
                0x0001a954       0x98 zephyr/kernel/libkernel.a(thread.c.obj)
                0x0001a954                z_setup_new_thread
 .text.z_impl_k_thread_create
                0x0001a9ec       0x58 zephyr/kernel/libkernel.a(thread.c.obj)
                0x0001a9ec                z_impl_k_thread_create
 .text.z_dummy_thread_init
                0x0001aa44       0x18 zephyr/kernel/libkernel.a(thread.c.obj)
                0x0001aa44                z_dummy_thread_init
 .text.z_swap_irqlock
                0x0001aa5c       0x30 zephyr/kernel/libkernel.a(sched.c.obj)
 .text.ready_thread
                0x0001aa8c       0x80 zephyr/kernel/libkernel.a(sched.c.obj)
 .text.unready_thread
                0x0001ab0c       0x54 zephyr/kernel/libkernel.a(sched.c.obj)
 .text.add_thread_timeout
                0x0001ab60       0x1c zephyr/kernel/libkernel.a(sched.c.obj)
 .text.reschedule.isra.0
                0x0001ab7c       0x28 zephyr/kernel/libkernel.a(sched.c.obj)
 .text.move_current_to_end_of_prio_q
                0x0001aba4       0x6c zephyr/kernel/libkernel.a(sched.c.obj)
                0x0001aba4                move_current_to_end_of_prio_q
 .text.z_pend_curr
                0x0001ac10       0x44 zephyr/kernel/libkernel.a(sched.c.obj)
                0x0001ac10                z_pend_curr
 .text.z_reschedule_irqlock
                0x0001ac54       0x28 zephyr/kernel/libkernel.a(sched.c.obj)
                0x0001ac54                z_reschedule_irqlock
 .text.k_sched_lock
                0x0001ac7c       0x28 zephyr/kernel/libkernel.a(sched.c.obj)
                0x0001ac7c                k_sched_lock
 .text.k_sched_unlock
                0x0001aca4       0x54 zephyr/kernel/libkernel.a(sched.c.obj)
                0x0001aca4                k_sched_unlock
 .text.z_sched_init
                0x0001acf8       0x10 zephyr/kernel/libkernel.a(sched.c.obj)
                0x0001acf8                z_sched_init
 .text.z_impl_k_yield
                0x0001ad08       0x84 zephyr/kernel/libkernel.a(sched.c.obj)
                0x0001ad08                z_impl_k_yield
 .text.z_tick_sleep
                0x0001ad8c       0x78 zephyr/kernel/libkernel.a(sched.c.obj)
 .text.z_impl_k_sched_current_thread_query
                0x0001ae04        0xc zephyr/kernel/libkernel.a(sched.c.obj)
                0x0001ae04                z_impl_k_sched_current_thread_query
 .text.z_thread_abort
                0x0001ae10      0x13c zephyr/kernel/libkernel.a(sched.c.obj)
                0x0001ae10                z_thread_abort
 .text.z_sched_wait
                0x0001af4c       0x24 zephyr/kernel/libkernel.a(sched.c.obj)
                0x0001af4c                z_sched_wait
 .text.z_time_slice_size
                0x0001af70       0x40 zephyr/kernel/libkernel.a(timeslicing.c.obj)
 .text.slice_timeout
                0x0001afb0       0x20 zephyr/kernel/libkernel.a(timeslicing.c.obj)
 .text.z_reset_time_slice
                0x0001afd0       0x44 zephyr/kernel/libkernel.a(timeslicing.c.obj)
                0x0001afd0                z_reset_time_slice
 .text.z_time_slice
                0x0001b014       0x5c zephyr/kernel/libkernel.a(timeslicing.c.obj)
                0x0001b014                z_time_slice
 .text.first    0x0001b070       0x10 zephyr/kernel/libkernel.a(timeout.c.obj)
 .text.elapsed  0x0001b080       0x14 zephyr/kernel/libkernel.a(timeout.c.obj)
 .text.remove_timeout
                0x0001b094       0x38 zephyr/kernel/libkernel.a(timeout.c.obj)
 .text.z_add_timeout
                0x0001b0cc      0x120 zephyr/kernel/libkernel.a(timeout.c.obj)
                0x0001b0cc                z_add_timeout
 .text.sys_clock_announce_locked
                0x0001b1ec       0xb8 zephyr/kernel/libkernel.a(timeout.c.obj)
                0x0001b1ec                sys_clock_announce_locked
 .text.sys_clock_tick_get
                0x0001b2a4       0x30 zephyr/kernel/libkernel.a(timeout.c.obj)
                0x0001b2a4                sys_clock_tick_get
 .text.z_timer_expiration_handler
                0x0001b2d4      0x108 zephyr/kernel/libkernel.a(timer.c.obj)
                0x0001b2d4                z_timer_expiration_handler
 .text.z_impl_k_timer_start
                0x0001b3dc       0x70 zephyr/kernel/libkernel.a(timer.c.obj)
                0x0001b3dc                z_impl_k_timer_start
 .text.z_impl_k_timer_stop
                0x0001b44c       0x60 zephyr/kernel/libkernel.a(timer.c.obj)
                0x0001b44c                z_impl_k_timer_stop
 .text.z_thread_alloc_helper
                0x0001b4ac       0x4c zephyr/kernel/libkernel.a(mempool.c.obj)
 .text.z_thread_malloc
                0x0001b4f8       0x10 zephyr/kernel/libkernel.a(mempool.c.obj)
                0x0001b4f8                z_thread_malloc
 .text.boot_banner
                0x0001b508        0xc zephyr/kernel/libkernel.a(banner.c.obj)
                0x0001b508                boot_banner
 .text.k_sys_work_q_init
                0x0001b514       0x2c zephyr/kernel/libkernel.a(system_work_q.c.obj)
 .text.snprintf
                0x0001b540       0x54 /home/hadoop/zephyr-sdk-1.0.1/gnu/arm-zephyr-eabi/bin/../lib/gcc/arm-zephyr-eabi/14.3.0/../../../../arm-zephyr-eabi/lib/thumb/v7e-m/nofp/space/libc.a(libc_tinystdio_snprintf.c.o)
                0x0001b540                snprintf
 .text.__l_vfprintf
                0x0001b594      0x488 /home/hadoop/zephyr-sdk-1.0.1/gnu/arm-zephyr-eabi/bin/../lib/gcc/arm-zephyr-eabi/14.3.0/../../../../arm-zephyr-eabi/lib/thumb/v7e-m/nofp/space/libc.a(libc_tinystdio_vflprintf.c.o)
                0x0001b594                __l_vfprintf
 .text._OffsetAbsSyms
                0x0001ba1c        0x2 zephyr/CMakeFiles/offsets.dir/./arch/arm/core/offsets/offsets.c.obj
                0x0001ba1c                _OffsetAbsSyms
 .text.z_impl_gpio_pin_configure.isra.0
                0x0001ba1e       0x36 app/libapp.a(main.cpp.obj)
 .text.chunk_size
                0x0001ba54        0xa zephyr/libzephyr.a(heap.c.obj)
 .text.free_list_add
                0x0001ba5e       0x4e zephyr/libzephyr.a(heap.c.obj)
 .text.free_list_remove_bidx
                0x0001baac       0x3a zephyr/libzephyr.a(heap.c.obj)
 .text.free_list_remove
                0x0001bae6       0x1a zephyr/libzephyr.a(heap.c.obj)
 .text.alloc_chunk
                0x0001bb00       0x70 zephyr/libzephyr.a(heap.c.obj)
 .text.merge_chunks
                0x0001bb70       0x2e zephyr/libzephyr.a(heap.c.obj)
 .text.split_chunks
                0x0001bb9e       0x38 zephyr/libzephyr.a(heap.c.obj)
 .text.sys_heap_alloc
                0x0001bbd6       0x5a zephyr/libzephyr.a(heap.c.obj)
                0x0001bbd6                sys_heap_alloc
 .text.sys_heap_noalign_alloc
                0x0001bc30        0x6 zephyr/libzephyr.a(heap.c.obj)
                0x0001bc30                sys_heap_noalign_alloc
 .text.sys_heap_init
                0x0001bc36       0x82 zephyr/libzephyr.a(heap.c.obj)
                0x0001bc36                sys_heap_init
 .text.cbpprintf_external
                0x0001bcb8       0x62 zephyr/libzephyr.a(cbprintf_packaged.c.obj)
                0x0001bcb8                cbpprintf_external
 .text.is_ptr   0x0001bd1a       0x3a zephyr/libzephyr.a(cbprintf_packaged.c.obj)
                0x0001bd1a                is_ptr
 .text.arch_printk_char_out
                0x0001bd54        0x4 zephyr/libzephyr.a(printk.c.obj)
                0x0001bd54                arch_printk_char_out
 .text.vprintk  0x0001bd58        0x4 zephyr/libzephyr.a(printk.c.obj)
                0x0001bd58                vprintk
 .text.printk   0x0001bd5c       0x1a zephyr/libzephyr.a(printk.c.obj)
                0x0001bd5c                printk
 .text.assert_print
                0x0001bd76       0x1a zephyr/libzephyr.a(assert.c.obj)
                0x0001bd76                assert_print
 .text.free_space
                0x0001bd90       0x26 zephyr/libzephyr.a(mpsc_pbuf.c.obj)
 .text.get_usage
                0x0001bdb6       0x22 zephyr/libzephyr.a(mpsc_pbuf.c.obj)
 .text.idx_inc  0x0001bdd8       0x1c zephyr/libzephyr.a(mpsc_pbuf.c.obj)
 .text.rd_idx_inc
                0x0001bdf4       0x18 zephyr/libzephyr.a(mpsc_pbuf.c.obj)
 .text.add_skip_item
                0x0001be0c       0x3a zephyr/libzephyr.a(mpsc_pbuf.c.obj)
 .text.drop_item_locked
                0x0001be46       0xfa zephyr/libzephyr.a(mpsc_pbuf.c.obj)
 .text.post_drop_action
                0x0001bf40       0x36 zephyr/libzephyr.a(mpsc_pbuf.c.obj)
 .text.max_utilization_update
                0x0001bf76       0x1a zephyr/libzephyr.a(mpsc_pbuf.c.obj)
 .text.mpsc_pbuf_init
                0x0001bf90       0x42 zephyr/libzephyr.a(mpsc_pbuf.c.obj)
                0x0001bf90                mpsc_pbuf_init
 .text.mpsc_pbuf_alloc
                0x0001bfd2       0xfa zephyr/libzephyr.a(mpsc_pbuf.c.obj)
                0x0001bfd2                mpsc_pbuf_alloc
 .text.mpsc_pbuf_commit
                0x0001c0cc       0x3e zephyr/libzephyr.a(mpsc_pbuf.c.obj)
                0x0001c0cc                mpsc_pbuf_commit
 .text.mpsc_pbuf_claim
                0x0001c10a       0xb6 zephyr/libzephyr.a(mpsc_pbuf.c.obj)
                0x0001c10a                mpsc_pbuf_claim
 .text.mpsc_pbuf_free
                0x0001c1c0       0x76 zephyr/libzephyr.a(mpsc_pbuf.c.obj)
                0x0001c1c0                mpsc_pbuf_free
 .text.mpsc_pbuf_is_pending
                0x0001c236       0x30 zephyr/libzephyr.a(mpsc_pbuf.c.obj)
                0x0001c236                mpsc_pbuf_is_pending
 .text.sys_slist_find_and_remove
                0x0001c266       0x36 zephyr/libzephyr.a(onoff.c.obj)
 .text.process_recheck
                0x0001c29c       0x38 zephyr/libzephyr.a(onoff.c.obj)
 .text.validate_args
                0x0001c2d4       0x20 zephyr/libzephyr.a(onoff.c.obj)
 .text.notify_one
                0x0001c2f4       0x2c zephyr/libzephyr.a(onoff.c.obj)
 .text.transition_complete
                0x0001c320       0x1a zephyr/libzephyr.a(onoff.c.obj)
 .text.onoff_manager_init
                0x0001c33a       0x26 zephyr/libzephyr.a(onoff.c.obj)
                0x0001c33a                onoff_manager_init
 .text.onoff_request
                0x0001c360       0x96 zephyr/libzephyr.a(onoff.c.obj)
                0x0001c360                onoff_request
 .text.onoff_release
                0x0001c3f6       0x48 zephyr/libzephyr.a(onoff.c.obj)
                0x0001c3f6                onoff_release
 .text.onoff_cancel
                0x0001c43e       0x36 zephyr/libzephyr.a(onoff.c.obj)
                0x0001c43e                onoff_cancel
 .text.sys_notify_validate
                0x0001c474       0x22 zephyr/libzephyr.a(notify.c.obj)
                0x0001c474                sys_notify_validate
 .text.sys_notify_finalize
                0x0001c496       0x1a zephyr/libzephyr.a(notify.c.obj)
                0x0001c496                sys_notify_finalize
 .text._ConfigAbsSyms
                0x0001c4b0        0x2 zephyr/libzephyr.a(configs.c.obj)
                0x0001c4b0                _ConfigAbsSyms
 .text.log_msg_generic_get_wlen
                0x0001c4b2       0x20 zephyr/libzephyr.a(log_core.c.obj)
 .text.dummy_timestamp
                0x0001c4d2        0x4 zephyr/libzephyr.a(log_core.c.obj)
 .text.default_get_timestamp
                0x0001c4d6        0x4 zephyr/libzephyr.a(log_core.c.obj)
 .text.atomic_inc
                0x0001c4da       0x1a zephyr/libzephyr.a(log_core.c.obj)
 .text.z_log_vprintk
                0x0001c4f4       0x1c zephyr/libzephyr.a(log_core.c.obj)
                0x0001c4f4                z_log_vprintk
 .text.z_log_notify_drop
                0x0001c510        0x6 zephyr/libzephyr.a(log_core.c.obj)
 .text.z_log_get_tag
                0x0001c516        0x4 zephyr/libzephyr.a(log_core.c.obj)
                0x0001c516                z_log_get_tag
 .text.log_backend_enable
                0x0001c51a       0x12 zephyr/libzephyr.a(log_mgmt.c.obj)
                0x0001c51a                log_backend_enable
 .text.z_cbprintf_cpy
                0x0001c52c       0x2e zephyr/libzephyr.a(log_msg.c.obj)
 .text.z_log_msg_finalize
                0x0001c55a       0x32 zephyr/libzephyr.a(log_msg.c.obj)
                0x0001c55a                z_log_msg_finalize
 .text.z_log_msg_simple_create
                0x0001c58c       0x6e zephyr/libzephyr.a(log_msg.c.obj)
 .text.z_impl_z_log_msg_simple_create_0
                0x0001c5fa       0x12 zephyr/libzephyr.a(log_msg.c.obj)
                0x0001c5fa                z_impl_z_log_msg_simple_create_0
 .text.z_impl_z_log_msg_simple_create_1
                0x0001c60c       0x14 zephyr/libzephyr.a(log_msg.c.obj)
                0x0001c60c                z_impl_z_log_msg_simple_create_1
 .text.z_impl_z_log_msg_simple_create_2
                0x0001c620       0x18 zephyr/libzephyr.a(log_msg.c.obj)
                0x0001c620                z_impl_z_log_msg_simple_create_2
 .text.log_output_write
                0x0001c638       0x1c zephyr/libzephyr.a(log_output.c.obj)
 .text.log_output_flush
                0x0001c654       0x1a zephyr/libzephyr.a(log_output.c.obj)
 .text.out_func
                0x0001c66e       0x36 zephyr/libzephyr.a(log_output.c.obj)
 .text.cr_out_func
                0x0001c6a4       0x1c zephyr/libzephyr.a(log_output.c.obj)
 .text.log_output_msg_process
                0x0001c6c0       0x6c zephyr/libzephyr.a(log_output.c.obj)
                0x0001c6c0                log_output_msg_process
 .text.format_set
                0x0001c72c        0xc zephyr/libzephyr.a(log_backend_uart.c.obj)
 .text.log_backend_uart_init
                0x0001c738        0xc zephyr/libzephyr.a(log_backend_uart.c.obj)
 .text.panic    0x0001c744       0x32 zephyr/libzephyr.a(log_backend_uart.c.obj)
 .text.dropped  0x0001c776        0xa zephyr/libzephyr.a(log_backend_uart.c.obj)
 .text.process  0x0001c780       0x1e zephyr/libzephyr.a(log_backend_uart.c.obj)
 .text.arch_early_memset
                0x0001c79e        0x4 zephyr/arch/common/libarch__common.a(init.c.obj)
                0x0001c79e                arch_early_memset
 .text.arch_early_memcpy
                0x0001c7a2        0x4 zephyr/arch/common/libarch__common.a(init.c.obj)
                0x0001c7a2                arch_early_memcpy
 .text.z_do_kernel_oops
                0x0001c7a6        0x8 zephyr/arch/arch/arm/core/libarch__arm__core.a(fatal.c.obj)
                0x0001c7a6                z_do_kernel_oops
 .text.z_arm_nmi
                0x0001c7ae        0xe zephyr/arch/arch/arm/core/libarch__arm__core.a(nmi.c.obj)
                0x0001c7ae                z_arm_nmi
 .text.z_log_msg_simple_create_0.constprop.0
                0x0001c7bc        0x8 zephyr/arch/arch/arm/core/cortex_m/libarch__arm__core__cortex_m.a(fault.c.obj)
 .text.z_irq_spurious
                0x0001c7c4        0x8 zephyr/arch/arch/arm/core/cortex_m/libarch__arm__core__cortex_m.a(irq_manage.c.obj)
                0x0001c7c4                z_irq_spurious
 .text.arch_coprocessors_disable
                0x0001c7cc        0x6 zephyr/arch/arch/arm/core/cortex_m/libarch__arm__core__cortex_m.a(thread.c.obj)
                0x0001c7cc                arch_coprocessors_disable
 .text.arch_irq_unlock_outlined
                0x0001c7d2        0xe zephyr/arch/arch/arm/core/cortex_m/libarch__arm__core__cortex_m.a(thread.c.obj)